Archive member included to satisfy reference by file (symbol)

/home/user/workspace/eclipse1/TestFuncionWithIOTLibs/Release/arduino.ar(HardwareSerial.cpp.o)
                              ./libraries/Adafruit_Fingerprint_Sensor_Library/Adafruit_Fingerprint.cpp.o (symbol from plugin) (_ZN14HardwareSerial5beginEmh)
/home/user/workspace/eclipse1/TestFuncionWithIOTLibs/Release/arduino.ar(Print.cpp.o)
                              ./libraries/SoftwareSerial/src/SoftwareSerial.cpp.o (symbol from plugin) (_ZN5Print5writeEPKhj)
/home/user/workspace/eclipse1/TestFuncionWithIOTLibs/Release/arduino.ar(abi.cpp.o)
                              ./libraries/SoftwareSerial/src/SoftwareSerial.cpp.o (symbol from plugin) (__cxa_pure_virtual)
/home/user/workspace/eclipse1/TestFuncionWithIOTLibs/Release/arduino.ar(main.cpp.o)
                              /home/user/software/develop/eclipse/arduinoPlugin/packages/arduino/tools/avr-gcc/4.9.2-atmel3.5.4-arduino2/bin/../lib/gcc/avr/4.9.2/../../../../avr/lib/avr6/crtatmega2560.o (main)
/home/user/workspace/eclipse1/TestFuncionWithIOTLibs/Release/arduino.ar(wiring.c.o)
                              ./.ino.cpp.o (symbol from plugin) (millis)
/home/user/workspace/eclipse1/TestFuncionWithIOTLibs/Release/arduino.ar(wiring_digital.c.o)
                              ./libraries/SoftwareSerial/src/SoftwareSerial.cpp.o (symbol from plugin) (pinMode)
/home/user/workspace/eclipse1/TestFuncionWithIOTLibs/Release/arduino.ar(csshock.o)
                              ./.ino.cpp.o (symbol from plugin) (_Z7sysbeepmmm)
/home/user/workspace/eclipse1/TestFuncionWithIOTLibs/Release/arduino.ar(HardwareSerial0.cpp.o)
                              csshock.o (symbol from plugin) (Serial)
/home/user/workspace/eclipse1/TestFuncionWithIOTLibs/Release/arduino.ar(HardwareSerial1.cpp.o)
                              csshock.o (symbol from plugin) (Serial1)
/home/user/workspace/eclipse1/TestFuncionWithIOTLibs/Release/arduino.ar(Tone.cpp.o)
                              csshock.o (symbol from plugin) (_Z4tonehjm)
/home/user/workspace/eclipse1/TestFuncionWithIOTLibs/Release/arduino.ar(WMath.cpp.o)
                              csshock.o (symbol from plugin) (_Z3maplllll)
/home/user/workspace/eclipse1/TestFuncionWithIOTLibs/Release/arduino.ar(hooks.c.o)
                              wiring.c.o (symbol from plugin) (yield)
/home/user/workspace/eclipse1/TestFuncionWithIOTLibs/Release/arduino.ar(wiring_analog.c.o)
                              csshock.o (symbol from plugin) (analogRead)
/home/user/workspace/eclipse1/TestFuncionWithIOTLibs/Release/arduino.ar(wiring_pulse.c.o)
                              csshock.o (symbol from plugin) (pulseIn)
/home/user/workspace/eclipse1/TestFuncionWithIOTLibs/Release/arduino.ar(wiring_shift.c.o)
                              csshock.o (symbol from plugin) (shiftOut)
/home/user/workspace/eclipse1/TestFuncionWithIOTLibs/Release/arduino.ar(wiring_pulse.S.o)
                              wiring_pulse.c.o (symbol from plugin) (countPulseASM)
/home/user/software/develop/eclipse/arduinoPlugin/packages/arduino/tools/avr-gcc/4.9.2-atmel3.5.4-arduino2/bin/../lib/gcc/avr/4.9.2/avr6/libgcc.a(_exit.o)
                              /home/user/software/develop/eclipse/arduinoPlugin/packages/arduino/tools/avr-gcc/4.9.2-atmel3.5.4-arduino2/bin/../lib/gcc/avr/4.9.2/../../../../avr/lib/avr6/crtatmega2560.o (exit)
/home/user/software/develop/eclipse/arduinoPlugin/packages/arduino/tools/avr-gcc/4.9.2-atmel3.5.4-arduino2/bin/../lib/gcc/avr/4.9.2/../../../../avr/lib/avr6/libc.a(random.o)
                              WMath.cpp.o (symbol from plugin) (random)
/home/user/software/develop/eclipse/arduinoPlugin/packages/arduino/tools/avr-gcc/4.9.2-atmel3.5.4-arduino2/bin/../lib/gcc/avr/4.9.2/../../../../avr/lib/avr6/libc.a(setjmp.o)
                              csshock.o (symbol from plugin) (setjmp)
/home/user/software/develop/eclipse/arduinoPlugin/packages/arduino/tools/avr-gcc/4.9.2-atmel3.5.4-arduino2/bin/../lib/gcc/avr/4.9.2/../../../../avr/lib/avr6/libc.a(memcpy_P.o)
                              csshock.o (symbol from plugin) (memcpy_P)
/home/user/software/develop/eclipse/arduinoPlugin/packages/arduino/tools/avr-gcc/4.9.2-atmel3.5.4-arduino2/bin/../lib/gcc/avr/4.9.2/../../../../avr/lib/avr6/libc.a(strcmp_P.o)
                              csshock.o (symbol from plugin) (strcmp_P)
/home/user/software/develop/eclipse/arduinoPlugin/packages/arduino/tools/avr-gcc/4.9.2-atmel3.5.4-arduino2/bin/../lib/gcc/avr/4.9.2/../../../../avr/lib/avr6/libc.a(strlen_P.o)
                              csshock.o (symbol from plugin) (__strlen_P)
/home/user/software/develop/eclipse/arduinoPlugin/packages/arduino/tools/avr-gcc/4.9.2-atmel3.5.4-arduino2/bin/../lib/gcc/avr/4.9.2/../../../../avr/lib/avr6/libc.a(strncpy_P.o)
                              csshock.o (symbol from plugin) (strncpy_P)
[...]
Memory Configuration

Name             Origin             Length             Attributes
text             0x0000000000000000 0x0000000000100000 xr
data             0x0000000000800200 0x000000000000fe00 rw !x
eeprom           0x0000000000810000 0x0000000000010000 rw !x
fuse             0x0000000000820000 0x0000000000000003 rw !x
lock             0x0000000000830000 0x0000000000000400 rw !x
signature        0x0000000000840000 0x0000000000000400 rw !x
user_signatures  0x0000000000850000 0x0000000000000400 rw !x
*default*        0x0000000000000000 0xffffffffffffffff

Linker script and memory map

Address of section .data set to 0x800200
LOAD /home/user/software/develop/eclipse/arduinoPlugin/packages/arduino/tools/avr-gcc/4.9.2-atmel3.5.4-arduino2/bin/../lib/gcc/avr/4.9.2/../../../../avr/lib/avr6/crtatmega2560.o
LOAD ./.ino.cpp.o
LOAD /tmp/ccnOyjE1.ltrans0.ltrans.o
LOAD /tmp/ccnOyjE1.ltrans1.ltrans.o
LOAD /tmp/ccnOyjE1.ltrans2.ltrans.o
LOAD /tmp/ccnOyjE1.ltrans3.ltrans.o
LOAD /tmp/ccnOyjE1.ltrans4.ltrans.o
LOAD /tmp/ccnOyjE1.ltrans5.ltrans.o
LOAD /tmp/ccnOyjE1.ltrans6.ltrans.o
LOAD /tmp/ccnOyjE1.ltrans7.ltrans.o
LOAD ./readAndCompareFinger/readAndCompareFinger.cpp.o
LOAD ./libraries/SoftwareSerial/src/SoftwareSerial.cpp.o
LOAD ./libraries/Adafruit_Fingerprint_Sensor_Library/Adafruit_Fingerprint.cpp.o
LOAD ./gpsDataPark/gpsDataNew.cpp.o
LOAD ./global value/global1.cpp.o
LOAD ./fingerprint_data/fingerprint_data.cpp.o
LOAD ./changeIdFinger/changeIDFinger.cpp.o
LOAD ./ListIdUse/ListIdUsed.cpp.o
LOAD ./ClearID/ClearID.cpp.o
LOAD ./AddNewId/AddNewId.cpp.o
LOAD /home/user/workspace/eclipse1/TestFuncionWithIOTLibs/Release/arduino.ar
LOAD /home/user/workspace/eclipse1/TestFuncionWithIOTLibs/Release/arduino.ar
LOAD /home/user/software/develop/eclipse/arduinoPlugin/packages/arduino/tools/avr-gcc/4.9.2-atmel3.5.4-arduino2/bin/../lib/gcc/avr/4.9.2/../../../../avr/lib/avr6/libm.a
START GROUP
LOAD /home/user/software/develop/eclipse/arduinoPlugin/packages/arduino/tools/avr-gcc/4.9.2-atmel3.5.4-arduino2/bin/../lib/gcc/avr/4.9.2/avr6/libgcc.a
LOAD /home/user/software/develop/eclipse/arduinoPlugin/packages/arduino/tools/avr-gcc/4.9.2-atmel3.5.4-arduino2/bin/../lib/gcc/avr/4.9.2/../../../../avr/lib/avr6/libm.a
LOAD /home/user/software/develop/eclipse/arduinoPlugin/packages/arduino/tools/avr-gcc/4.9.2-atmel3.5.4-arduino2/bin/../lib/gcc/avr/4.9.2/../../../../avr/lib/avr6/libc.a
LOAD /home/user/software/develop/eclipse/arduinoPlugin/packages/arduino/tools/avr-gcc/4.9.2-atmel3.5.4-arduino2/bin/../lib/gcc/avr/4.9.2/../../../../avr/lib/avr6/libatmega2560.a
END GROUP
                0x0000000000100000                __TEXT_REGION_LENGTH__ = DEFINED (__TEXT_REGION_LENGTH__)?__TEXT_REGION_LENGTH__:0x100000
                0x000000000000fe00                __DATA_REGION_LENGTH__ = DEFINED (__DATA_REGION_LENGTH__)?__DATA_REGION_LENGTH__:0xfe00
                0x0000000000010000                __EEPROM_REGION_LENGTH__ = DEFINED (__EEPROM_REGION_LENGTH__)?__EEPROM_REGION_LENGTH__:0x10000
                [0x0000000000000003]                __FUSE_REGION_LENGTH__ = DEFINED (__FUSE_REGION_LENGTH__)?__FUSE_REGION_LENGTH__:0x400
                0x0000000000000400                __LOCK_REGION_LENGTH__ = DEFINED (__LOCK_REGION_LENGTH__)?__LOCK_REGION_LENGTH__:0x400
                0x0000000000000400                __SIGNATURE_REGION_LENGTH__ = DEFINED (__SIGNATURE_REGION_LENGTH__)?__SIGNATURE_REGION_LENGTH__:0x400
                0x0000000000000400                __USER_SIGNATURE_REGION_LENGTH__ = DEFINED (__USER_SIGNATURE_REGION_LENGTH__)?__USER_SIGNATURE_REGION_LENGTH__:0x400

.hash
 *(.hash)

.dynsym
 *(.dynsym)

.dynstr
 *(.dynstr)

.gnu.version
 *(.gnu.version)

.gnu.version_d
 *(.gnu.version_d)

.gnu.version_r
 *(.gnu.version_r)

.rel.init
 *(.rel.init)

.rela.init
 *(.rela.init)

.rel.text
 *(.rel.text)
 *(.rel.text.*)
 *(.rel.gnu.linkonce.t*)

.rela.text
 *(.rela.text)
 *(.rela.text.*)
 *(.rela.gnu.linkonce.t*)

.rel.fini
 *(.rel.fini)

.rela.fini
 *(.rela.fini)

.rel.rodata
 *(.rel.rodata)
 *(.rel.rodata.*)
 *(.rel.gnu.linkonce.r*)

.rela.rodata
 *(.rela.rodata)
 *(.rela.rodata.*)
 *(.rela.gnu.linkonce.r*)

.rel.data
 *(.rel.data)
 *(.rel.data.*)
 *(.rel.gnu.linkonce.d*)

.rela.data
 *(.rela.data)
 *(.rela.data.*)
 *(.rela.gnu.linkonce.d*)

.rel.ctors
 *(.rel.ctors)

.rela.ctors
 *(.rela.ctors)

.rel.dtors
 *(.rel.dtors)

.rela.dtors
 *(.rela.dtors)

.rel.got
 *(.rel.got)

.rela.got
 *(.rela.got)

.rel.bss
 *(.rel.bss)

.rela.bss
 *(.rela.bss)

.rel.plt
 *(.rel.plt)

.rela.plt
 *(.rela.plt)

.text           0x0000000000000000     0x8756
 *(.vectors)
 .vectors       0x0000000000000000       0xe4 /home/user/software/develop/eclipse/arduinoPlugin/packages/arduino/tools/avr-gcc/4.9.2-atmel3.5.4-arduino2/bin/../lib/gcc/avr/4.9.2/../../../../avr/lib/avr6/crtatmega2560.o
                0x0000000000000000                __vectors
                0x0000000000000000                __vector_default
 *(.vectors)
 *(.progmem.gcc*)
 .progmem.gcc_sw_table
                0x00000000000000e4       0x24 /tmp/ccnOyjE1.ltrans1.ltrans.o
 .progmem.gcc_sw_table
                0x0000000000000108       0x12 /tmp/ccnOyjE1.ltrans2.ltrans.o
 .progmem.gcc_sw_table
                0x000000000000011a       0x24 /tmp/ccnOyjE1.ltrans7.ltrans.o
                0x000000000000013e                . = ALIGN (0x2)
                0x000000000000013e                __trampolines_start = .
 *(.trampolines)
 .trampolines   0x000000000000013e        0x0 linker stubs
 *(.trampolines*)
                0x000000000000013e                __trampolines_end = .
 *libprintf_flt.a:*(.progmem.data)
 *libc.a:*(.progmem.data)
 *(.progmem*)
 .progmem.data  0x000000000000013e       0x52 /tmp/ccnOyjE1.ltrans0.ltrans.o
 .progmem.data  0x0000000000000190       0xed /tmp/ccnOyjE1.ltrans1.ltrans.o
                0x0000000000000190                digital_pin_to_bit_mask_PGM
                0x00000000000001d6                port_to_output_PGM
                0x00000000000001f0                digital_pin_to_port_PGM
                0x0000000000000237                digital_pin_to_timer_PGM
 .progmem.data  0x000000000000027d        0xe /tmp/ccnOyjE1.ltrans2.ltrans.o
 .progmem.data  0x000000000000028b      0x2d3 /tmp/ccnOyjE1.ltrans3.ltrans.o
                0x0000000000000327                functiondict
                0x00000000000003f9                reservedwords
                0x0000000000000451                _ZL13builtin_table.lto_priv.54
 .progmem.data  0x000000000000055e      0x18b /tmp/ccnOyjE1.ltrans4.ltrans.o
 .progmem.data  0x00000000000006e9      0x14b /tmp/ccnOyjE1.ltrans5.ltrans.o
                0x000000000000081a                port_to_input_PGM
 .progmem.data  0x0000000000000834       0x6d /tmp/ccnOyjE1.ltrans6.ltrans.o
 .progmem.data  0x00000000000008a1       0x1a /tmp/ccnOyjE1.ltrans7.ltrans.o
                0x00000000000008bc                . = ALIGN (0x2)
 *fill*         0x00000000000008bb        0x1 
 *(.jumptables)
 *(.jumptables*)
 *(.lowtext)
 *(.lowtext*)
                0x00000000000008bc                __ctors_start = .
 *(.ctors)
 .ctors         0x00000000000008bc        0x2 /tmp/ccnOyjE1.ltrans2.ltrans.o
                0x00000000000008be                __ctors_end = .
                0x00000000000008be                __dtors_start = .
 *(.dtors)
 .dtors         0x00000000000008be        0x2 /tmp/ccnOyjE1.ltrans2.ltrans.o
                0x00000000000008c0                __dtors_end = .
 SORT(*)(.ctors)
 SORT(*)(.dtors)
 *(.init0)
 .init0         0x00000000000008c0        0x0 /home/user/software/develop/eclipse/arduinoPlugin/packages/arduino/tools/avr-gcc/4.9.2-atmel3.5.4-arduino2/bin/../lib/gcc/avr/4.9.2/../../../../avr/lib/avr6/crtatmega2560.o
                0x00000000000008c0                __init
 *(.init0)
 *(.init1)
 *(.init1)
 *(.init2)
 .init2         0x00000000000008c0       0x10 /home/user/software/develop/eclipse/arduinoPlugin/packages/arduino/tools/avr-gcc/4.9.2-atmel3.5.4-arduino2/bin/../lib/gcc/avr/4.9.2/../../../../avr/lib/avr6/crtatmega2560.o
 *(.init2)
 *(.init3)
 *(.init3)
 *(.init4)
 .init4         0x00000000000008d0       0x1a /home/user/software/develop/eclipse/arduinoPlugin/packages/arduino/tools/avr-gcc/4.9.2-atmel3.5.4-arduino2/bin/../lib/gcc/avr/4.9.2/avr6/libgcc.a(_copy_data.o)
                0x00000000000008d0                __do_copy_data
 .init4         0x00000000000008ea       0x10 /home/user/software/develop/eclipse/arduinoPlugin/packages/arduino/tools/avr-gcc/4.9.2-atmel3.5.4-arduino2/bin/../lib/gcc/avr/4.9.2/avr6/libgcc.a(_clear_bss.o)
                0x00000000000008ea                __do_clear_bss
 *(.init4)
 *(.init5)
 *(.init5)
 *(.init6)
 .init6         0x00000000000008fa       0x20 /home/user/software/develop/eclipse/arduinoPlugin/packages/arduino/tools/avr-gcc/4.9.2-atmel3.5.4-arduino2/bin/../lib/gcc/avr/4.9.2/avr6/libgcc.a(_ctors.o)
                0x00000000000008fa                __do_global_ctors
 *(.init6)
 *(.init7)
 *(.init7)
 *(.init8)
 *(.init8)
 *(.init9)
 .init9         0x000000000000091a        0x8 /home/user/software/develop/eclipse/arduinoPlugin/packages/arduino/tools/avr-gcc/4.9.2-atmel3.5.4-arduino2/bin/../lib/gcc/avr/4.9.2/../../../../avr/lib/avr6/crtatmega2560.o
 *(.init9)
 *(.text)
 .text          0x0000000000000922        0x2 /home/user/software/develop/eclipse/arduinoPlugin/packages/arduino/tools/avr-gcc/4.9.2-atmel3.5.4-arduino2/bin/../lib/gcc/avr/4.9.2/../../../../avr/lib/avr6/crtatmega2560.o
                0x0000000000000922                __vector_38
                0x0000000000000922                __vector_22
                0x0000000000000922                __vector_28
                0x0000000000000922                __vector_1
                0x0000000000000922                __vector_32
                0x0000000000000922                __vector_34
                0x0000000000000922                __vector_24
                0x0000000000000922                __vector_12
                0x0000000000000922                __vector_55
                0x0000000000000922                __vector_46
                0x0000000000000922                __bad_interrupt
                0x0000000000000922                __vector_6
                0x0000000000000922                __vector_31
                0x0000000000000922                __vector_35
                0x0000000000000922                __vector_39
                0x0000000000000922                __vector_3
                0x0000000000000922                __vector_30
                0x0000000000000922                __vector_45
                0x0000000000000922                __vector_54
                0x0000000000000922                __vector_17
                0x0000000000000922                __vector_19
                0x0000000000000922                __vector_56
                0x0000000000000922                __vector_7
                0x0000000000000922                __vector_49
                0x0000000000000922                __vector_41
                0x0000000000000922                __vector_43
                0x0000000000000922                __vector_27
                0x0000000000000922                __vector_5
                0x0000000000000922                __vector_33
                0x0000000000000922                __vector_47
                0x0000000000000922                __vector_52
                0x0000000000000922                __vector_4
                0x0000000000000922                __vector_44
                0x0000000000000922                __vector_51
                0x0000000000000922                __vector_2
                0x0000000000000922                __vector_21
                0x0000000000000922                __vector_15
                0x0000000000000922                __vector_29
                0x0000000000000922                __vector_40
                0x0000000000000922                __vector_8
                0x0000000000000922                __vector_48
                0x0000000000000922                __vector_14
                0x0000000000000922                __vector_53
                0x0000000000000922                __vector_50
                0x0000000000000922                __vector_16
                0x0000000000000922                __vector_18
                0x0000000000000922                __vector_20
                0x0000000000000922                __vector_42
 .text          0x0000000000000924     0x106a /tmp/ccnOyjE1.ltrans0.ltrans.o
                0x0000000000000924                _Z14serialEventRunv
                0x000000000000098e                _ZN14SoftwareSerial4peekEv
                0x00000000000009be                _ZN14SoftwareSerial5flushEv
                0x00000000000009c0                _ZN14SoftwareSerial5writeEh
                0x0000000000000a68                _ZN14SoftwareSerial9availableEv
                0x0000000000000a96                _ZN14SoftwareSerial4readEv
                0x0000000000000ad8                _ZN5Print5flushEv
                0x0000000000000ada                _ZN5Print17availableForWriteEv
                0x0000000000000ae0                _Z6setScrv
                0x0000000000000ca8                _Z6getScrv
                0x0000000000000e6c                _Z5addIDv
                0x0000000000000eb8                _Z8changeIDv
                0x0000000000000f56                _Z16getGpsFromEepromv
                0x0000000000001074                _ZN27Adafruit_Fingerprint_PacketC2EhjPh.lto_priv.53
                0x00000000000010c6                _Z6listIDv
                0x00000000000012e4                _Z10clearID123v
                0x00000000000013fa                _ZN14SoftwareSerialC2Ehhb
                0x00000000000014c6                __vector_11
                0x00000000000014c6                __vector_9
                0x00000000000014c6                __vector_10
                0x00000000000015c2                _ZN14SoftwareSerial13stopListeningEv
                0x00000000000015ee                _ZN14SoftwareSerial6listenEv
                0x000000000000163e                _ZN14SoftwareSerial5beginEl
                0x00000000000017ac                _Z19readAndCompaeFingerv
                0x00000000000018fe                _Z7timeOutv
                0x0000000000001920                _Z11putHandOnFgv
                0x0000000000001942                _Z5getFGv
 .text          0x000000000000198e     0x14da /tmp/ccnOyjE1.ltrans1.ltrans.o
                0x00000000000019c0                _Z8eecommitv
                0x00000000000019c2                _Z17Serial1_availablev
                0x00000000000019d6                _Z17Serial0_availablev
                0x00000000000019ea                _Z3spbc
                0x0000000000001b4e                _Z9findindexPcPKch.constprop.6
                0x0000000000001bbe                analogWrite
                0x0000000000001d50                analogRead
                0x0000000000001d8e                __vector_13
                0x0000000000001ecc                _Z4tonehjm
                0x0000000000002598                __vector_37
                0x00000000000025ec                __vector_36
                0x000000000000263e                __vector_26
                0x0000000000002692                __vector_25
                0x00000000000026e4                _Z9startTaskim
                0x0000000000002766                _Z12initTaskListv
                0x0000000000002776                _Z17printUint32InBasemhhh
                0x00000000000028a4                _Z16printUint32NoPadm
                0x00000000000028b2                _Z10printFloatf
                0x0000000000002a4e                _Z10printInt32lhh
                0x0000000000002aa4                _Z5speolv
                0x0000000000002ab0                _Z18printlnUint32NoPadm
                0x0000000000002abe                _Z3spPPK19__FlashStringHelper
                0x0000000000002adc                _Z5splnPPK19__FlashStringHelper
                0x0000000000002ae0                _Z2spPKc
                0x0000000000002af8                _Z4splnPKc
                0x0000000000002afc                _Z7setBaudil
                0x0000000000002b84                _Z9setOutputh
                0x0000000000002bba                _Z11func_printfv
                0x0000000000002df8                _Z13getexpressionv
                0x0000000000002e46                _Z6getnumv
 .text          0x0000000000002e68      0xa5c /tmp/ccnOyjE1.ltrans2.ltrans.o
                0x0000000000002e68                _ZN14HardwareSerial5beginEmh.constprop.44
                0x0000000000002f36                _Z13finger_Configm.constprop.42
                0x0000000000002f72                _Z9beepMutilmmmj.constprop.39
                0x0000000000002fce                _ZN20Adafruit_Fingerprint19getStructuredPacketEP27Adafruit_Fingerprint_Packetj.constprop.38
                0x00000000000030be                _ZN20Adafruit_Fingerprint21writeStructuredPacketERK27Adafruit_Fingerprint_Packet.constprop.37
                0x000000000000322a                _ZN20Adafruit_Fingerprint8image2TzEh.constprop.34
                0x0000000000003292                _ZN20Adafruit_Fingerprint8getImageEv.constprop.33
                0x00000000000034ee                _Z14changeIdFingerhj.constprop.31
                0x0000000000003524                _Z8AddNewIdhhm.constprop.24
                0x0000000000003616                _Z25getGpsData_softWareSerialhj.constprop.19
 .text          0x00000000000038c4     0x1002 /tmp/ccnOyjE1.ltrans3.ltrans.o
                0x0000000000003c16                _Z11parsestringPFvcE
                0x0000000000003cd6                _Z10findscriptPc
                0x0000000000003f90                _Z6getargi
                0x00000000000040a6                _Z4vpopv
                0x00000000000040d2                _Z15releaseargblockv
                0x0000000000004100                _Z5vpushl
                0x0000000000004136                _Z3voph
                0x00000000000042f6                _Z5vinitv
                0x0000000000004320                _Z6getsymv
                0x00000000000043e8                _Z12parsearglistv
                0x000000000000489a                _Z10getsimpexpv
 .text          0x00000000000048c6      0xe0e /tmp/ccnOyjE1.ltrans4.ltrans.o
                0x0000000000004a5e                _Z6hexvalc
                0x0000000000004a78                _Z6getmsgh
                0x0000000000004aa0                _Z4msgph
                0x0000000000004ac0                _Z5msgplh
                0x0000000000004ac6                _Z6fetchcv
                0x0000000000004aee                _Z10execscripthmPc
                0x0000000000004c24                _Z18callscriptfunctionhm
 .text          0x00000000000056d4     0x1122 /tmp/ccnOyjE1.ltrans5.ltrans.o
                0x00000000000056d4                _Z10func_clearv
                0x00000000000056e4                _Z11func_getnumv
                0x0000000000005888                _Z11func_getkeyv
                0x00000000000058c4                _Z11func_millisv
                0x000000000000590a                _Z6gethexh
                0x000000000000593e                _Z18addCSShockFunctionPKcPFlvE
                0x000000000000596c                _Z8usr_freec
                0x0000000000005b5a                _Z9func_freev
                0x0000000000005b92                _Z6fatal2cc
                0x0000000000005bf4                _Z7reqargsh
                0x0000000000005c1c                _Z12func_bitreadv
                0x0000000000005c58                _Z11func_bitsetv
                0x0000000000005ca4                _Z13func_bitclearv
                0x0000000000005cf8                _Z13func_bitwritev
                0x0000000000005d1a                _Z13func_shiftoutv
                0x0000000000005da4                _Z8func_mapv
                0x0000000000005e50                _Z12func_setBaudv
                0x0000000000005e96                _Z10func_delayv
                0x0000000000005eb6                _Z11func_snoozev
                0x0000000000005f4c                _Z12func_pulseinv
                0x0000000000005fdc                _Z12func_pinmodev
                0x0000000000005ffe                _Z7func_ewv
                0x0000000000006024                _Z7func_erv
                0x0000000000006044                _Z7func_dwv
                0x0000000000006066                _Z7func_drv
                0x0000000000006082                _Z7func_awv
                0x00000000000060a6                _Z7func_arv
                0x00000000000060c4                _Z14func_constrainv
                0x000000000000611a                _Z8func_maxv
                0x0000000000006156                _Z8func_minv
                0x0000000000006192                _Z9func_signv
                0x00000000000061d2                _Z8func_absv
                0x00000000000061fc                _Z9func_outbv
                0x0000000000006222                _Z8func_inbv
                0x0000000000006240                _Z11func_randomv
                0x000000000000631a                _Z9func_beepv
                0x0000000000006348                _Z8overflowh
                0x000000000000634c                _Z10unexpectedh
                0x0000000000006352                _Z12expectedcharh
                0x000000000000635c                _Z8expectedh
                0x0000000000006362                _Z7hexDumpPcmmh
                0x0000000000006624                _Z9func_pmemv
                0x00000000000066a8                _Z6eeputsm
                0x00000000000066ca                _Z6cmd_lsv
                0x0000000000006738                _Z7findKeyPc
                0x00000000000067e2                _Z10eraseentryPc
 .text          0x00000000000067f6      0x1e4 /tmp/ccnOyjE1.ltrans6.ltrans.o
                0x00000000000067f6                _ZN5Print5writeEPKhj
                0x000000000000684c                _ZN14HardwareSerial17availableForWriteEv
                0x000000000000686a                _ZN14HardwareSerial4readEv
                0x0000000000006892                _ZN14HardwareSerial4peekEv
                0x00000000000068ae                _ZN14HardwareSerial9availableEv
                0x00000000000068c6                __cxa_pure_virtual
                0x00000000000068ca                _ZN14HardwareSerial17_tx_udr_empty_irqEv
                0x000000000000690c                _ZN14HardwareSerial5writeEh
                0x0000000000006998                _ZN14HardwareSerial5flushEv
 .text          0x00000000000069da      0x4c2 /tmp/ccnOyjE1.ltrans7.ltrans.o
                0x0000000000006ad0                _Z7findendm
                0x0000000000006b40                _Z12findoccupiedm
                0x0000000000006b86                _Z8showdictPKc
                0x0000000000006bb8                _Z5doCLIPc
                0x0000000000006bca                _Z6promptv
                0x0000000000006c22                _Z8initlbufv
                0x0000000000006c44                digitalRead
                0x0000000000006c94                digitalWrite
                0x0000000000006cf2                pinMode
                0x0000000000006d6a                delayMicroseconds
                0x0000000000006d80                delay
                0x0000000000006df0                millis
                0x0000000000006e08                __vector_23
 .text          0x0000000000006e9c       0x8a /home/user/workspace/eclipse1/TestFuncionWithIOTLibs/Release/arduino.ar(wiring_pulse.S.o)
                0x0000000000006e9c                countPulseASM
                0x0000000000006f26                . = ALIGN (0x2)
 *(.text.*)
 .text.exit     0x0000000000006f26       0x2c /tmp/ccnOyjE1.ltrans2.ltrans.o
 .text.startup  0x0000000000006f52      0x128 /tmp/ccnOyjE1.ltrans2.ltrans.o
 .text.startup  0x000000000000707a      0x7c2 /tmp/ccnOyjE1.ltrans6.ltrans.o
                0x000000000000707a                main
 .text.avr-libc
                0x000000000000783c       0x8e /home/user/software/develop/eclipse/arduinoPlugin/packages/arduino/tools/avr-gcc/4.9.2-atmel3.5.4-arduino2/bin/../lib/gcc/avr/4.9.2/../../../../avr/lib/avr6/libc.a(setjmp.o)
                0x000000000000783c                setjmp
                0x0000000000007880                longjmp
 .text.avr-libc
                0x00000000000078ca       0x12 /home/user/software/develop/eclipse/arduinoPlugin/packages/arduino/tools/avr-gcc/4.9.2-atmel3.5.4-arduino2/bin/../lib/gcc/avr/4.9.2/../../../../avr/lib/avr6/libc.a(memcpy_P.o)
                0x00000000000078ca                memcpy_P
 .text.avr-libc
                0x00000000000078dc       0x12 /home/user/software/develop/eclipse/arduinoPlugin/packages/arduino/tools/avr-gcc/4.9.2-atmel3.5.4-arduino2/bin/../lib/gcc/avr/4.9.2/../../../../avr/lib/avr6/libc.a(strcmp_P.o)
                0x00000000000078dc                strcmp_P
 .text.avr-libc
                0x00000000000078ee       0x12 /home/user/software/develop/eclipse/arduinoPlugin/packages/arduino/tools/avr-gcc/4.9.2-atmel3.5.4-arduino2/bin/../lib/gcc/avr/4.9.2/../../../../avr/lib/avr6/libc.a(strlen_P.o)
                0x00000000000078ee                __strlen_P
 .text.avr-libc
                0x0000000000007900       0x1e /home/user/software/develop/eclipse/arduinoPlugin/packages/arduino/tools/avr-gcc/4.9.2-atmel3.5.4-arduino2/bin/../lib/gcc/avr/4.9.2/../../../../avr/lib/avr6/libc.a(strncpy_P.o)
                0x0000000000007900                strncpy_P
 .text.avr-libc
                0x000000000000791e       0x10 /home/user/software/develop/eclipse/arduinoPlugin/packages/arduino/tools/avr-gcc/4.9.2-atmel3.5.4-arduino2/bin/../lib/gcc/avr/4.9.2/../../../../avr/lib/avr6/libatmega2560.a(eerd_byte.o)
                0x000000000000791e                eeprom_read_byte
 .text.avr-libc
                0x000000000000792e       0x1c /home/user/software/develop/eclipse/arduinoPlugin/packages/arduino/tools/avr-gcc/4.9.2-atmel3.5.4-arduino2/bin/../lib/gcc/avr/4.9.2/../../../../avr/lib/avr6/libatmega2560.a(eewr_byte.o)
                0x000000000000792e                eeprom_write_byte
                0x0000000000007930                eeprom_write_r18
 .text.libgcc.div
                0x000000000000794a       0x28 /home/user/software/develop/eclipse/arduinoPlugin/packages/arduino/tools/avr-gcc/4.9.2-atmel3.5.4-arduino2/bin/../lib/gcc/avr/4.9.2/avr6/libgcc.a(_divmodsi4.o)
                0x000000000000794a                __divmodsi4
 .text.libgcc.div
                0x0000000000007972       0x10 /home/user/software/develop/eclipse/arduinoPlugin/packages/arduino/tools/avr-gcc/4.9.2-atmel3.5.4-arduino2/bin/../lib/gcc/avr/4.9.2/avr6/libgcc.a(_negsi2.o)
                0x0000000000007972                __negsi2
 .text.libgcc.mul
                0x0000000000007982       0x14 /home/user/software/develop/eclipse/arduinoPlugin/packages/arduino/tools/avr-gcc/4.9.2-atmel3.5.4-arduino2/bin/../lib/gcc/avr/4.9.2/avr6/libgcc.a(_muluhisi3.o)
                0x0000000000007982                __muluhisi3
 .text.libgcc.div
                0x0000000000007996       0x44 /home/user/software/develop/eclipse/arduinoPlugin/packages/arduino/tools/avr-gcc/4.9.2-atmel3.5.4-arduino2/bin/../lib/gcc/avr/4.9.2/avr6/libgcc.a(_udivmodsi4.o)
                0x0000000000007996                __udivmodsi4
 .text.libgcc.mul
                0x00000000000079da       0x1e /home/user/software/develop/eclipse/arduinoPlugin/packages/arduino/tools/avr-gcc/4.9.2-atmel3.5.4-arduino2/bin/../lib/gcc/avr/4.9.2/avr6/libgcc.a(_umulhisi3.o)
                0x00000000000079da                __umulhisi3
 .text.avr-libc.fplib
                0x00000000000079f8        0xa /home/user/software/develop/eclipse/arduinoPlugin/packages/arduino/tools/avr-gcc/4.9.2-atmel3.5.4-arduino2/bin/../lib/gcc/avr/4.9.2/../../../../avr/lib/avr6/libm.a(addsf3.o)
                0x00000000000079f8                __subsf3
                0x00000000000079fa                __addsf3
 .text.avr-libc.fplib
                0x0000000000007a02       0xc0 /home/user/software/develop/eclipse/arduinoPlugin/packages/arduino/tools/avr-gcc/4.9.2-atmel3.5.4-arduino2/bin/../lib/gcc/avr/4.9.2/../../../../avr/lib/avr6/libm.a(addsf3x.o)
                0x0000000000007a1c                __addsf3x
 .text.avr-libc.fplib
                0x0000000000007ac2        0x8 /home/user/software/develop/eclipse/arduinoPlugin/packages/arduino/tools/avr-gcc/4.9.2-atmel3.5.4-arduino2/bin/../lib/gcc/avr/4.9.2/../../../../avr/lib/avr6/libm.a(cmpsf2.o)
                0x0000000000007ac2                __lesf2
                0x0000000000007ac2                __nesf2
                0x0000000000007ac2                __eqsf2
                0x0000000000007ac2                __cmpsf2
                0x0000000000007ac2                __ltsf2
 .text.avr-libc.fplib
                0x0000000000007aca        0x4 /home/user/software/develop/eclipse/arduinoPlugin/packages/arduino/tools/avr-gcc/4.9.2-atmel3.5.4-arduino2/bin/../lib/gcc/avr/4.9.2/../../../../avr/lib/avr6/libm.a(divsf3.o)
                0x0000000000007aca                __divsf3
 .text.avr-libc.fplib
                0x0000000000007ace       0xcc /home/user/software/develop/eclipse/arduinoPlugin/packages/arduino/tools/avr-gcc/4.9.2-atmel3.5.4-arduino2/bin/../lib/gcc/avr/4.9.2/../../../../avr/lib/avr6/libm.a(divsf3x.o)
                0x0000000000007ae4                __divsf3x
                0x0000000000007ae8                __divsf3_pse
 .text.avr-libc.fplib
                0x0000000000007b9a        0xa /home/user/software/develop/eclipse/arduinoPlugin/packages/arduino/tools/avr-gcc/4.9.2-atmel3.5.4-arduino2/bin/../lib/gcc/avr/4.9.2/../../../../avr/lib/avr6/libm.a(fixsfsi.o)
                0x0000000000007b9a                __fixsfsi
 .text.avr-libc.fplib
                0x0000000000007ba4       0x58 /home/user/software/develop/eclipse/arduinoPlugin/packages/arduino/tools/avr-gcc/4.9.2-atmel3.5.4-arduino2/bin/../lib/gcc/avr/4.9.2/../../../../avr/lib/avr6/libm.a(fixunssfsi.o)
                0x0000000000007ba4                __fixunssfsi
 .text.avr-libc.fplib
                0x0000000000007bfc       0x7a /home/user/software/develop/eclipse/arduinoPlugin/packages/arduino/tools/avr-gcc/4.9.2-atmel3.5.4-arduino2/bin/../lib/gcc/avr/4.9.2/../../../../avr/lib/avr6/libm.a(floatsisf.o)
                0x0000000000007bfc                __floatunsisf
                0x0000000000007c00                __floatsisf
 .text.avr-libc.fplib
                0x0000000000007c76       0x48 /home/user/software/develop/eclipse/arduinoPlugin/packages/arduino/tools/avr-gcc/4.9.2-atmel3.5.4-arduino2/bin/../lib/gcc/avr/4.9.2/../../../../avr/lib/avr6/libm.a(fp_cmp.o)
                0x0000000000007c76                __fp_cmp
 .text.avr-libc.fplib
                0x0000000000007cbe        0xc /home/user/software/develop/eclipse/arduinoPlugin/packages/arduino/tools/avr-gcc/4.9.2-atmel3.5.4-arduino2/bin/../lib/gcc/avr/4.9.2/../../../../avr/lib/avr6/libm.a(fp_inf.o)
                0x0000000000007cbe                __fp_inf
 .text.avr-libc.fplib
                0x0000000000007cca        0x6 /home/user/software/develop/eclipse/arduinoPlugin/packages/arduino/tools/avr-gcc/4.9.2-atmel3.5.4-arduino2/bin/../lib/gcc/avr/4.9.2/../../../../avr/lib/avr6/libm.a(fp_nan.o)
                0x0000000000007cca                __fp_nan
 .text.avr-libc.fplib
                0x0000000000007cd0        0xe /home/user/software/develop/eclipse/arduinoPlugin/packages/arduino/tools/avr-gcc/4.9.2-atmel3.5.4-arduino2/bin/../lib/gcc/avr/4.9.2/../../../../avr/lib/avr6/libm.a(fp_pscA.o)
                0x0000000000007cd0                __fp_pscA
 .text.avr-libc.fplib
                0x0000000000007cde        0xe /home/user/software/develop/eclipse/arduinoPlugin/packages/arduino/tools/avr-gcc/4.9.2-atmel3.5.4-arduino2/bin/../lib/gcc/avr/4.9.2/../../../../avr/lib/avr6/libm.a(fp_pscB.o)
                0x0000000000007cde                __fp_pscB
 .text.avr-libc.fplib
                0x0000000000007cec       0x22 /home/user/software/develop/eclipse/arduinoPlugin/packages/arduino/tools/avr-gcc/4.9.2-atmel3.5.4-arduino2/bin/../lib/gcc/avr/4.9.2/../../../../avr/lib/avr6/libm.a(fp_round.o)
                0x0000000000007cec                __fp_round
 .text.avr-libc.fplib
                0x0000000000007d0e       0x44 /home/user/software/develop/eclipse/arduinoPlugin/packages/arduino/tools/avr-gcc/4.9.2-atmel3.5.4-arduino2/bin/../lib/gcc/avr/4.9.2/../../../../avr/lib/avr6/libm.a(fp_split3.o)
                0x0000000000007d0e                __fp_split3
                0x0000000000007d1e                __fp_splitA
 .text.avr-libc.fplib
                0x0000000000007d52        0xe /home/user/software/develop/eclipse/arduinoPlugin/packages/arduino/tools/avr-gcc/4.9.2-atmel3.5.4-arduino2/bin/../lib/gcc/avr/4.9.2/../../../../avr/lib/avr6/libm.a(fp_zero.o)
                0x0000000000007d52                __fp_zero
                0x0000000000007d54                __fp_szero
 .text.avr-libc.fplib
                0x0000000000007d60        0x4 /home/user/software/develop/eclipse/arduinoPlugin/packages/arduino/tools/avr-gcc/4.9.2-atmel3.5.4-arduino2/bin/../lib/gcc/avr/4.9.2/../../../../avr/lib/avr6/libm.a(mulsf3.o)
                0x0000000000007d60                __mulsf3
 .text.avr-libc.fplib
                0x0000000000007d64       0xc2 /home/user/software/develop/eclipse/arduinoPlugin/packages/arduino/tools/avr-gcc/4.9.2-atmel3.5.4-arduino2/bin/../lib/gcc/avr/4.9.2/../../../../avr/lib/avr6/libm.a(mulsf3x.o)
                0x0000000000007d78                __mulsf3x
                0x0000000000007d7c                __mulsf3_pse
 .text.libgcc.mul
                0x0000000000007e26       0x1e /home/user/software/develop/eclipse/arduinoPlugin/packages/arduino/tools/avr-gcc/4.9.2-atmel3.5.4-arduino2/bin/../lib/gcc/avr/4.9.2/avr6/libgcc.a(_mulsi3.o)
                0x0000000000007e26                __mulsi3
 .text.libgcc.div
                0x0000000000007e44       0x26 /home/user/software/develop/eclipse/arduinoPlugin/packages/arduino/tools/avr-gcc/4.9.2-atmel3.5.4-arduino2/bin/../lib/gcc/avr/4.9.2/avr6/libgcc.a(_divmodhi4.o)
                0x0000000000007e44                __divmodhi4
                0x0000000000007e44                _div
 .text.libgcc   0x0000000000007e6a       0x10 /home/user/software/develop/eclipse/arduinoPlugin/packages/arduino/tools/avr-gcc/4.9.2-atmel3.5.4-arduino2/bin/../lib/gcc/avr/4.9.2/avr6/libgcc.a(_tablejump2.o)
                0x0000000000007e6a                __tablejump2__
 .text.libgcc.div
                0x0000000000007e7a       0x28 /home/user/software/develop/eclipse/arduinoPlugin/packages/arduino/tools/avr-gcc/4.9.2-atmel3.5.4-arduino2/bin/../lib/gcc/avr/4.9.2/avr6/libgcc.a(_udivmodhi4.o)
                0x0000000000007e7a                __udivmodhi4
 .text.avr-libc
                0x0000000000007ea2      0x25a /home/user/software/develop/eclipse/arduinoPlugin/packages/arduino/tools/avr-gcc/4.9.2-atmel3.5.4-arduino2/bin/../lib/gcc/avr/4.9.2/../../../../avr/lib/avr6/libc.a(malloc.o)
                0x0000000000007ea2                malloc
                0x0000000000007fcc                free
 .text.avr-libc
                0x00000000000080fc        0x8 /home/user/software/develop/eclipse/arduinoPlugin/packages/arduino/tools/avr-gcc/4.9.2-atmel3.5.4-arduino2/bin/../lib/gcc/avr/4.9.2/../../../../avr/lib/avr6/libc.a(abort.o)
                0x00000000000080fc                abort
 .text.avr-libc
                0x0000000000008104       0x10 /home/user/software/develop/eclipse/arduinoPlugin/packages/arduino/tools/avr-gcc/4.9.2-atmel3.5.4-arduino2/bin/../lib/gcc/avr/4.9.2/../../../../avr/lib/avr6/libc.a(isalnum.o)
                0x0000000000008104                isalnum
 .text.avr-libc
                0x0000000000008114        0x6 /home/user/software/develop/eclipse/arduinoPlugin/packages/arduino/tools/avr-gcc/4.9.2-atmel3.5.4-arduino2/bin/../lib/gcc/avr/4.9.2/../../../../avr/lib/avr6/libc.a(cty_isfalse.o)
                0x0000000000008114                __ctype_isfalse
                0x0000000000008118                __ctype_istrue
 .text.avr-libc
                0x000000000000811a       0x12 /home/user/software/develop/eclipse/arduinoPlugin/packages/arduino/tools/avr-gcc/4.9.2-atmel3.5.4-arduino2/bin/../lib/gcc/avr/4.9.2/../../../../avr/lib/avr6/libc.a(isalpha.o)
                0x000000000000811a                isupper
                0x000000000000811e                isalpha
                0x0000000000008120                islower
 .text.avr-libc
                0x000000000000812c       0x10 /home/user/software/develop/eclipse/arduinoPlugin/packages/arduino/tools/avr-gcc/4.9.2-atmel3.5.4-arduino2/bin/../lib/gcc/avr/4.9.2/../../../../avr/lib/avr6/libc.a(tolower.o)
                0x000000000000812c                tolower
 .text.avr-libc
                0x000000000000813c       0x12 /home/user/software/develop/eclipse/arduinoPlugin/packages/arduino/tools/avr-gcc/4.9.2-atmel3.5.4-arduino2/bin/../lib/gcc/avr/4.9.2/../../../../avr/lib/avr6/libc.a(memcpy.o)
                0x000000000000813c                memcpy
 .text.avr-libc
                0x000000000000814e        0xe /home/user/software/develop/eclipse/arduinoPlugin/packages/arduino/tools/avr-gcc/4.9.2-atmel3.5.4-arduino2/bin/../lib/gcc/avr/4.9.2/../../../../avr/lib/avr6/libc.a(memset.o)
                0x000000000000814e                memset
 .text.avr-libc
                0x000000000000815c       0x16 /home/user/software/develop/eclipse/arduinoPlugin/packages/arduino/tools/avr-gcc/4.9.2-atmel3.5.4-arduino2/bin/../lib/gcc/avr/4.9.2/../../../../avr/lib/avr6/libc.a(strcat.o)
                0x000000000000815c                strcat
 .text.avr-libc
                0x0000000000008172       0x12 /home/user/software/develop/eclipse/arduinoPlugin/packages/arduino/tools/avr-gcc/4.9.2-atmel3.5.4-arduino2/bin/../lib/gcc/avr/4.9.2/../../../../avr/lib/avr6/libc.a(strcmp.o)
                0x0000000000008172                strcmp
 .text.avr-libc
                0x0000000000008184       0x1e /home/user/software/develop/eclipse/arduinoPlugin/packages/arduino/tools/avr-gcc/4.9.2-atmel3.5.4-arduino2/bin/../lib/gcc/avr/4.9.2/../../../../avr/lib/avr6/libc.a(strncpy.o)
                0x0000000000008184                strncpy
 .text.avr-libc
                0x00000000000081a2       0x5e /home/user/software/develop/eclipse/arduinoPlugin/packages/arduino/tools/avr-gcc/4.9.2-atmel3.5.4-arduino2/bin/../lib/gcc/avr/4.9.2/../../../../avr/lib/avr6/libc.a(sprintf.o)
                0x00000000000081a2                sprintf
 .text.avr-libc
                0x0000000000008200      0x3dc /home/user/software/develop/eclipse/arduinoPlugin/packages/arduino/tools/avr-gcc/4.9.2-atmel3.5.4-arduino2/bin/../lib/gcc/avr/4.9.2/../../../../avr/lib/avr6/libc.a(vfprintf_std.o)
                0x0000000000008200                vfprintf
 .text.avr-libc
                0x00000000000085dc       0x16 /home/user/software/develop/eclipse/arduinoPlugin/packages/arduino/tools/avr-gcc/4.9.2-atmel3.5.4-arduino2/bin/../lib/gcc/avr/4.9.2/../../../../avr/lib/avr6/libc.a(strnlen_P.o)
                0x00000000000085dc                strnlen_P
 .text.avr-libc
                0x00000000000085f2       0x16 /home/user/software/develop/eclipse/arduinoPlugin/packages/arduino/tools/avr-gcc/4.9.2-atmel3.5.4-arduino2/bin/../lib/gcc/avr/4.9.2/../../../../avr/lib/avr6/libc.a(strnlen.o)
                0x00000000000085f2                strnlen
 .text.avr-libc
                0x0000000000008608       0x70 /home/user/software/develop/eclipse/arduinoPlugin/packages/arduino/tools/avr-gcc/4.9.2-atmel3.5.4-arduino2/bin/../lib/gcc/avr/4.9.2/../../../../avr/lib/avr6/libc.a(fputc.o)
                0x0000000000008608                fputc
 .text.avr-libc
                0x0000000000008678       0xbc /home/user/software/develop/eclipse/arduinoPlugin/packages/arduino/tools/avr-gcc/4.9.2-atmel3.5.4-arduino2/bin/../lib/gcc/avr/4.9.2/../../../../avr/lib/avr6/libc.a(ultoa_invert.o)
                0x0000000000008678                __ultoa_invert
                0x0000000000008734                . = ALIGN (0x2)
 *(.fini9)
 .fini9         0x0000000000008734        0x0 /home/user/software/develop/eclipse/arduinoPlugin/packages/arduino/tools/avr-gcc/4.9.2-atmel3.5.4-arduino2/bin/../lib/gcc/avr/4.9.2/avr6/libgcc.a(_exit.o)
                0x0000000000008734                exit
                0x0000000000008734                _exit
 *(.fini9)
 *(.fini8)
 *(.fini8)
 *(.fini7)
 *(.fini7)
 *(.fini6)
 .fini6         0x0000000000008734       0x1e /home/user/software/develop/eclipse/arduinoPlugin/packages/arduino/tools/avr-gcc/4.9.2-atmel3.5.4-arduino2/bin/../lib/gcc/avr/4.9.2/avr6/libgcc.a(_dtors.o)
                0x0000000000008734                __do_global_dtors
 *(.fini6)
 *(.fini5)
 *(.fini5)
 *(.fini4)
 *(.fini4)
 *(.fini3)
 *(.fini3)
 *(.fini2)
 *(.fini2)
 *(.fini1)
 *(.fini1)
 *(.fini0)
 .fini0         0x0000000000008752        0x4 /home/user/software/develop/eclipse/arduinoPlugin/packages/arduino/tools/avr-gcc/4.9.2-atmel3.5.4-arduino2/bin/../lib/gcc/avr/4.9.2/avr6/libgcc.a(_exit.o)
 *(.fini0)
                0x0000000000008756                _etext = .

.data           0x0000000000800200      0x110 load address 0x0000000000008756
                0x0000000000800200                PROVIDE (__data_start, .)
 *(.data)
 .data          0x0000000000800200        0x2 /tmp/ccnOyjE1.ltrans1.ltrans.o
                0x0000000000800200                outpin
 .data          0x0000000000800202        0x8 /tmp/ccnOyjE1.ltrans5.ltrans.o
 .data          0x000000000080020a        0x6 /home/user/software/develop/eclipse/arduinoPlugin/packages/arduino/tools/avr-gcc/4.9.2-atmel3.5.4-arduino2/bin/../lib/gcc/avr/4.9.2/../../../../avr/lib/avr6/libc.a(malloc.o)
                0x000000000080020a                __malloc_heap_end
                0x000000000080020c                __malloc_heap_start
                0x000000000080020e                __malloc_margin
 *(.data*)
 *(.rodata)
 .rodata        0x0000000000800210        0x6 /tmp/ccnOyjE1.ltrans0.ltrans.o
 .rodata        0x0000000000800216       0x42 /tmp/ccnOyjE1.ltrans2.ltrans.o
                0x0000000000800228                _ZTV6Stream
                0x000000000080023a                _ZTV5Print
                0x0000000000800246                _ZTV14SoftwareSerial
 .rodata        0x0000000000800258       0x12 /tmp/ccnOyjE1.ltrans3.ltrans.o
 *(.rodata*)
 .rodata.str1.1
                0x000000000080026a       0x47 /tmp/ccnOyjE1.ltrans0.ltrans.o
                                         0x4c (size before relaxing)
 .rodata.str1.1
                0x00000000008002b1       0x1f /tmp/ccnOyjE1.ltrans2.ltrans.o
                                         0x25 (size before relaxing)
 .rodata.str1.1
                0x00000000008002d0       0x1f /tmp/ccnOyjE1.ltrans4.ltrans.o
                                          0x1 (size before relaxing)
 .rodata.str1.1
                0x00000000008002d0        0x2 /tmp/ccnOyjE1.ltrans5.ltrans.o
 .rodata.str1.1
                0x00000000008002d0       0x40 /tmp/ccnOyjE1.ltrans6.ltrans.o
 *(.gnu.linkonce.d*)
                0x0000000000800310                . = ALIGN (0x2)
                0x0000000000800310                _edata = .
                0x0000000000800310                PROVIDE (__data_end, .)

.bss            0x0000000000800310      0x9b5
                0x0000000000800310                PROVIDE (__bss_start, .)
 *(.bss)
 .bss           0x0000000000800310       0x44 /tmp/ccnOyjE1.ltrans0.ltrans.o
 .bss           0x0000000000800354      0x147 /tmp/ccnOyjE1.ltrans1.ltrans.o
                0x0000000000800354                sym
                0x0000000000800355                expval
                0x0000000000800359                exptype
                0x000000000080035a                waketime
                0x0000000000800382                snoozetime
                0x00000000008003aa                tasklist
                0x00000000008003d2                idbuf
                0x00000000008003df                symval
 .bss           0x000000000080049b      0x208 /tmp/ccnOyjE1.ltrans2.ltrans.o
                0x000000000080049b                datasend_encoder
                0x00000000008004a1                input_uart
                0x00000000008004d3                Serial1
                0x0000000000800570                Serial
                0x000000000080060d                deviceRunTime
                0x000000000080062e                GPSNeo
                0x000000000080064d                finger
                0x0000000000800675                fingerSerial
 .bss           0x00000000008006a3      0x537 /tmp/ccnOyjE1.ltrans3.ltrans.o
                0x00000000008006a3                arg
                0x00000000008006a5                bf_install_count
                0x00000000008006a6                inchar
                0x00000000008006a7                user_functions
                0x000000000080076f                vars
 .bss           0x0000000000800bda       0x1f /tmp/ccnOyjE1.ltrans4.ltrans.o
                0x0000000000800bda                curtask
                0x0000000000800bdb                background
                0x0000000000800bdc                env
                0x0000000000800bf4                fetchptr
                0x0000000000800bf8                fetchtype
 .bss           0x0000000000800bf9       0x7a /tmp/ccnOyjE1.ltrans5.ltrans.o
                0x0000000000800bf9                lbuf
                0x0000000000800c71                callFreeFlag
                0x0000000000800c72                forceSnooze
 .bss           0x0000000000800c73       0x43 /tmp/ccnOyjE1.ltrans6.ltrans.o
 .bss           0x0000000000800cb6        0xb /tmp/ccnOyjE1.ltrans7.ltrans.o
                0x0000000000800cb6                lbufptr
 *(.bss*)
 *(COMMON)
 COMMON         0x0000000000800cc1        0x4 /home/user/software/develop/eclipse/arduinoPlugin/packages/arduino/tools/avr-gcc/4.9.2-atmel3.5.4-arduino2/bin/../lib/gcc/avr/4.9.2/../../../../avr/lib/avr6/libc.a(malloc.o)
                0x0000000000800cc1                __brkval
                0x0000000000800cc3                __flp
                0x0000000000800cc5                PROVIDE (__bss_end, .)
                0x0000000000008756                __data_load_start = LOADADDR (.data)
                0x0000000000008866                __data_load_end = (__data_load_start + SIZEOF (.data))

.noinit         0x0000000000800cc5        0x0
                [!provide]                        PROVIDE (__noinit_start, .)
 *(.noinit*)
                [!provide]                        PROVIDE (__noinit_end, .)
                0x0000000000800cc5                _end = .
                0x0000000000800cc5                PROVIDE (__heap_start, .)

.eeprom         0x0000000000810000        0x0
 *(.eeprom*)
                0x0000000000810000                __eeprom_end = .

.fuse
 *(.fuse)
 *(.lfuse)
 *(.hfuse)
 *(.efuse)

.lock
 *(.lock*)

.signature
 *(.signature*)

.user_signatures
 *(.user_signatures*)

.stab
 *(.stab)

.stabstr
 *(.stabstr)

.stab.excl
 *(.stab.excl)

.stab.exclstr
 *(.stab.exclstr)

.stab.index
 *(.stab.index)

.stab.indexstr
 *(.stab.indexstr)

.comment        0x0000000000000000       0x11
 *(.comment)
 .comment       0x0000000000000000       0x11 /tmp/ccnOyjE1.ltrans0.ltrans.o
                                         0x12 (size before relaxing)
 .comment       0x0000000000000011       0x12 /tmp/ccnOyjE1.ltrans1.ltrans.o
 .comment       0x0000000000000011       0x12 /tmp/ccnOyjE1.ltrans2.ltrans.o
 .comment       0x0000000000000011       0x12 /tmp/ccnOyjE1.ltrans3.ltrans.o
 .comment       0x0000000000000011       0x12 /tmp/ccnOyjE1.ltrans4.ltrans.o
 .comment       0x0000000000000011       0x12 /tmp/ccnOyjE1.ltrans5.ltrans.o
 .comment       0x0000000000000011       0x12 /tmp/ccnOyjE1.ltrans6.ltrans.o
 .comment       0x0000000000000011       0x12 /tmp/ccnOyjE1.ltrans7.ltrans.o
 .comment       0x0000000000000011       0x12 /home/user/software/develop/eclipse/arduinoPlugin/packages/arduino/tools/avr-gcc/4.9.2-atmel3.5.4-arduino2/bin/../lib/gcc/avr/4.9.2/../../../../avr/lib/avr6/libc.a(malloc.o)
 .comment       0x0000000000000011       0x12 /home/user/software/develop/eclipse/arduinoPlugin/packages/arduino/tools/avr-gcc/4.9.2-atmel3.5.4-arduino2/bin/../lib/gcc/avr/4.9.2/../../../../avr/lib/avr6/libc.a(sprintf.o)
 .comment       0x0000000000000011       0x12 /home/user/software/develop/eclipse/arduinoPlugin/packages/arduino/tools/avr-gcc/4.9.2-atmel3.5.4-arduino2/bin/../lib/gcc/avr/4.9.2/../../../../avr/lib/avr6/libc.a(vfprintf_std.o)
 .comment       0x0000000000000011       0x12 /home/user/software/develop/eclipse/arduinoPlugin/packages/arduino/tools/avr-gcc/4.9.2-atmel3.5.4-arduino2/bin/../lib/gcc/avr/4.9.2/../../../../avr/lib/avr6/libc.a(fputc.o)

.note.gnu.avr.deviceinfo
                0x0000000000000000       0x40
 .note.gnu.avr.deviceinfo
                0x0000000000000000       0x40 /home/user/software/develop/eclipse/arduinoPlugin/packages/arduino/tools/avr-gcc/4.9.2-atmel3.5.4-arduino2/bin/../lib/gcc/avr/4.9.2/../../../../avr/lib/avr6/crtatmega2560.o

.note.gnu.build-id
 *(.note.gnu.build-id)

.debug
 *(.debug)

.line
 *(.line)

.debug_srcinfo
 *(.debug_srcinfo)

.debug_sfnames
 *(.debug_sfnames)

.debug_aranges  0x0000000000000000       0x20
 *(.debug_aranges)
 .debug_aranges
                0x0000000000000000       0x20 /home/user/workspace/eclipse1/TestFuncionWithIOTLibs/Release/arduino.ar(wiring_pulse.S.o)

.debug_pubnames
 *(.debug_pubnames)

.debug_info     0x0000000000000000      0xc93
 *(.debug_info .gnu.linkonce.wi.*)
 .debug_info    0x0000000000000000      0xbbc /home/user/software/develop/eclipse/arduinoPlugin/packages/arduino/tools/avr-gcc/4.9.2-atmel3.5.4-arduino2/bin/../lib/gcc/avr/4.9.2/../../../../avr/lib/avr6/crtatmega2560.o
 .debug_info    0x0000000000000bbc       0xd7 /home/user/workspace/eclipse1/TestFuncionWithIOTLibs/Release/arduino.ar(wiring_pulse.S.o)

.debug_abbrev   0x0000000000000000      0xb2e
 *(.debug_abbrev)
 .debug_abbrev  0x0000000000000000      0xb1a /home/user/software/develop/eclipse/arduinoPlugin/packages/arduino/tools/avr-gcc/4.9.2-atmel3.5.4-arduino2/bin/../lib/gcc/avr/4.9.2/../../../../avr/lib/avr6/crtatmega2560.o
 .debug_abbrev  0x0000000000000b1a       0x14 /home/user/workspace/eclipse1/TestFuncionWithIOTLibs/Release/arduino.ar(wiring_pulse.S.o)

.debug_line     0x0000000000000000      0x253
 *(.debug_line .debug_line.* .debug_line_end)
 .debug_line    0x0000000000000000       0x1a /home/user/software/develop/eclipse/arduinoPlugin/packages/arduino/tools/avr-gcc/4.9.2-atmel3.5.4-arduino2/bin/../lib/gcc/avr/4.9.2/../../../../avr/lib/avr6/crtatmega2560.o
 .debug_line    0x000000000000001a      0x239 /home/user/workspace/eclipse1/TestFuncionWithIOTLibs/Release/arduino.ar(wiring_pulse.S.o)

.debug_frame
 *(.debug_frame)

.debug_str      0x0000000000000000      0x3e6
 *(.debug_str)
 .debug_str     0x0000000000000000      0x3e6 /home/user/software/develop/eclipse/arduinoPlugin/packages/arduino/tools/avr-gcc/4.9.2-atmel3.5.4-arduino2/bin/../lib/gcc/avr/4.9.2/../../../../avr/lib/avr6/crtatmega2560.o

.debug_loc
 *(.debug_loc)

.debug_macinfo
 *(.debug_macinfo)

.debug_weaknames
 *(.debug_weaknames)

.debug_funcnames
 *(.debug_funcnames)

.debug_typenames
 *(.debug_typenames)

.debug_varnames
 *(.debug_varnames)

.debug_pubtypes
 *(.debug_pubtypes)

.debug_ranges
 *(.debug_ranges)

.debug_macro
 *(.debug_macro)
OUTPUT(/home/user/workspace/eclipse1/TestFuncionWithIOTLibs/Release/TestFuncionWithIOTLibs.elf elf32-avr)
LOAD linker stubs
