Archive member included to satisfy reference by file (symbol)

/home/user/workspace/eclipse1/TestFuncionWithIOTLibs/Release/arduino.ar(HardwareSerial.cpp.o)
                              ./fingerprint_data/fingerprint_data.cpp.o (symbol from plugin) (_ZN14HardwareSerial9availableEv)
/home/user/workspace/eclipse1/TestFuncionWithIOTLibs/Release/arduino.ar(HardwareSerial0.cpp.o)
                              ./fingerprint_data/fingerprint_data.cpp.o (symbol from plugin) (Serial)
/home/user/workspace/eclipse1/TestFuncionWithIOTLibs/Release/arduino.ar(Print.cpp.o)
                              ./libraries/SoftwareSerial/src/SoftwareSerial.cpp.o (symbol from plugin) (_ZN5Print5writeEPKhj)
/home/user/workspace/eclipse1/TestFuncionWithIOTLibs/Release/arduino.ar(Stream.cpp.o)
                              ./fingerprint_data/fingerprint_data.cpp.o (symbol from plugin) (_ZN6Stream8parseIntE13LookaheadModec)
/home/user/workspace/eclipse1/TestFuncionWithIOTLibs/Release/arduino.ar(WString.cpp.o)
                              Stream.cpp.o (symbol from plugin) (_ZN6StringC1EPKc)
/home/user/workspace/eclipse1/TestFuncionWithIOTLibs/Release/arduino.ar(abi.cpp.o)
                              ./libraries/SoftwareSerial/src/SoftwareSerial.cpp.o (symbol from plugin) (__cxa_pure_virtual)
/home/user/workspace/eclipse1/TestFuncionWithIOTLibs/Release/arduino.ar(main.cpp.o)
                              /home/user/software/develop/eclipse/arduinoPlugin/packages/arduino/tools/avr-gcc/4.9.2-atmel3.5.4-arduino2/bin/../lib/gcc/avr/4.9.2/../../../../avr/lib/avr5/crtatmega328p.o (main)
/home/user/workspace/eclipse1/TestFuncionWithIOTLibs/Release/arduino.ar(wiring.c.o)
                              ./.ino.cpp.o (symbol from plugin) (millis)
/home/user/workspace/eclipse1/TestFuncionWithIOTLibs/Release/arduino.ar(wiring_digital.c.o)
                              ./libraries/SoftwareSerial/src/SoftwareSerial.cpp.o (symbol from plugin) (pinMode)
/home/user/workspace/eclipse1/TestFuncionWithIOTLibs/Release/arduino.ar(sbash.o)
                              ./.ino.cpp.o (symbol from plugin) (_Z7sysbeepmmm)
/home/user/workspace/eclipse1/TestFuncionWithIOTLibs/Release/arduino.ar(Tone.cpp.o)
                              sbash.o (symbol from plugin) (_Z4tonehjm)
/home/user/workspace/eclipse1/TestFuncionWithIOTLibs/Release/arduino.ar(WMath.cpp.o)
                              sbash.o (symbol from plugin) (_Z3maplllll)
/home/user/workspace/eclipse1/TestFuncionWithIOTLibs/Release/arduino.ar(hooks.c.o)
                              wiring.c.o (symbol from plugin) (yield)
/home/user/workspace/eclipse1/TestFuncionWithIOTLibs/Release/arduino.ar(wiring_analog.c.o)
                              sbash.o (symbol from plugin) (analogRead)
/home/user/workspace/eclipse1/TestFuncionWithIOTLibs/Release/arduino.ar(wiring_pulse.c.o)
                              sbash.o (symbol from plugin) (pulseIn)
/home/user/workspace/eclipse1/TestFuncionWithIOTLibs/Release/arduino.ar(wiring_shift.c.o)
                              sbash.o (symbol from plugin) (shiftOut)
/home/user/workspace/eclipse1/TestFuncionWithIOTLibs/Release/arduino.ar(wiring_pulse.S.o)
                              wiring_pulse.c.o (symbol from plugin) (countPulseASM)
/home/user/software/develop/eclipse/arduinoPlugin/packages/arduino/tools/avr-gcc/4.9.2-atmel3.5.4-arduino2/bin/../lib/gcc/avr/4.9.2/avr5/libgcc.a(_exit.o)
                              /home/user/software/develop/eclipse/arduinoPlugin/packages/arduino/tools/avr-gcc/4.9.2-atmel3.5.4-arduino2/bin/../lib/gcc/avr/4.9.2/../../../../avr/lib/avr5/crtatmega328p.o (exit)
/home/user/software/develop/eclipse/arduinoPlugin/packages/arduino/tools/avr-gcc/4.9.2-atmel3.5.4-arduino2/bin/../lib/gcc/avr/4.9.2/../../../../avr/lib/avr5/libc.a(dtostrf.o)
                              WString.cpp.o (symbol from plugin) (dtostrf)
/home/user/software/develop/eclipse/arduinoPlugin/packages/arduino/tools/avr-gcc/4.9.2-atmel3.5.4-arduino2/bin/../lib/gcc/avr/4.9.2/../../../../avr/lib/avr5/libc.a(random.o)
                              WMath.cpp.o (symbol from plugin) (random)
/home/user/software/develop/eclipse/arduinoPlugin/packages/arduino/tools/avr-gcc/4.9.2-atmel3.5.4-arduino2/bin/../lib/gcc/avr/4.9.2/../../../../avr/lib/avr5/libc.a(atof.o)
                              WString.cpp.o (symbol from plugin) (atof)
/home/user/software/develop/eclipse/arduinoPlugin/packages/arduino/tools/avr-gcc/4.9.2-atmel3.5.4-arduino2/bin/../lib/gcc/avr/4.9.2/../../../../avr/lib/avr5/libc.a(atol.o)
                              WString.cpp.o (symbol from plugin) (atol)
/home/user/software/develop/eclipse/arduinoPlugin/packages/arduino/tools/avr-gcc/4.9.2-atmel3.5.4-arduino2/bin/../lib/gcc/avr/4.9.2/../../../../avr/lib/avr5/libc.a(setjmp.o)
                              sbash.o (symbol from plugin) (setjmp)
/home/user/software/develop/eclipse/arduinoPlugin/packages/arduino/tools/avr-gcc/4.9.2-atmel3.5.4-arduino2/bin/../lib/gcc/avr/4.9.2/../../../../avr/lib/avr5/libc.a(memcpy_P.o)
[...]
Memory Configuration

Name             Origin             Length             Attributes
text             0x0000000000000000 0x0000000000020000 xr
data             0x0000000000800060 0x000000000000ffa0 rw !x
eeprom           0x0000000000810000 0x0000000000010000 rw !x
fuse             0x0000000000820000 0x0000000000000003 rw !x
lock             0x0000000000830000 0x0000000000000400 rw !x
signature        0x0000000000840000 0x0000000000000400 rw !x
user_signatures  0x0000000000850000 0x0000000000000400 rw !x
*default*        0x0000000000000000 0xffffffffffffffff

Linker script and memory map

Address of section .data set to 0x800100
LOAD /home/user/software/develop/eclipse/arduinoPlugin/packages/arduino/tools/avr-gcc/4.9.2-atmel3.5.4-arduino2/bin/../lib/gcc/avr/4.9.2/../../../../avr/lib/avr5/crtatmega328p.o
LOAD ./.ino.cpp.o
LOAD /tmp/ccTHmjPS.ltrans0.ltrans.o
LOAD /tmp/ccTHmjPS.ltrans1.ltrans.o
LOAD /tmp/ccTHmjPS.ltrans2.ltrans.o
LOAD /tmp/ccTHmjPS.ltrans3.ltrans.o
LOAD /tmp/ccTHmjPS.ltrans4.ltrans.o
LOAD /tmp/ccTHmjPS.ltrans5.ltrans.o
LOAD /tmp/ccTHmjPS.ltrans6.ltrans.o
LOAD ./readAndCompareFinger/readAndCompareFinger.cpp.o
LOAD ./libraries/SoftwareSerial/src/SoftwareSerial.cpp.o
LOAD ./libraries/Adafruit_Fingerprint_Sensor_Library/Adafruit_Fingerprint.cpp.o
LOAD ./gpsDataPark/gpsDataNew.cpp.o
LOAD ./global value/global1.cpp.o
LOAD ./fingerprint_data/fingerprint_data.cpp.o
LOAD ./changeIdFinger/changeIDFinger.cpp.o
LOAD ./ListIdUse/ListIdUsed.cpp.o
LOAD ./ClearID/ClearID.cpp.o
LOAD ./AddNewId/AddNewId.cpp.o
LOAD /home/user/workspace/eclipse1/TestFuncionWithIOTLibs/Release/arduino.ar
LOAD /home/user/workspace/eclipse1/TestFuncionWithIOTLibs/Release/arduino.ar
LOAD /home/user/software/develop/eclipse/arduinoPlugin/packages/arduino/tools/avr-gcc/4.9.2-atmel3.5.4-arduino2/bin/../lib/gcc/avr/4.9.2/../../../../avr/lib/avr5/libm.a
START GROUP
LOAD /home/user/software/develop/eclipse/arduinoPlugin/packages/arduino/tools/avr-gcc/4.9.2-atmel3.5.4-arduino2/bin/../lib/gcc/avr/4.9.2/avr5/libgcc.a
LOAD /home/user/software/develop/eclipse/arduinoPlugin/packages/arduino/tools/avr-gcc/4.9.2-atmel3.5.4-arduino2/bin/../lib/gcc/avr/4.9.2/../../../../avr/lib/avr5/libm.a
LOAD /home/user/software/develop/eclipse/arduinoPlugin/packages/arduino/tools/avr-gcc/4.9.2-atmel3.5.4-arduino2/bin/../lib/gcc/avr/4.9.2/../../../../avr/lib/avr5/libc.a
LOAD /home/user/software/develop/eclipse/arduinoPlugin/packages/arduino/tools/avr-gcc/4.9.2-atmel3.5.4-arduino2/bin/../lib/gcc/avr/4.9.2/../../../../avr/lib/avr5/libatmega328p.a
END GROUP
                0x0000000000020000                __TEXT_REGION_LENGTH__ = DEFINED (__TEXT_REGION_LENGTH__)?__TEXT_REGION_LENGTH__:0x20000
                0x000000000000ffa0                __DATA_REGION_LENGTH__ = DEFINED (__DATA_REGION_LENGTH__)?__DATA_REGION_LENGTH__:0xffa0
                0x0000000000010000                __EEPROM_REGION_LENGTH__ = DEFINED (__EEPROM_REGION_LENGTH__)?__EEPROM_REGION_LENGTH__:0x10000
                [0x0000000000000003]                __FUSE_REGION_LENGTH__ = DEFINED (__FUSE_REGION_LENGTH__)?__FUSE_REGION_LENGTH__:0x400
                0x0000000000000400                __LOCK_REGION_LENGTH__ = DEFINED (__LOCK_REGION_LENGTH__)?__LOCK_REGION_LENGTH__:0x400
                0x0000000000000400                __SIGNATURE_REGION_LENGTH__ = DEFINED (__SIGNATURE_REGION_LENGTH__)?__SIGNATURE_REGION_LENGTH__:0x400
                0x0000000000000400                __USER_SIGNATURE_REGION_LENGTH__ = DEFINED (__USER_SIGNATURE_REGION_LENGTH__)?__USER_SIGNATURE_REGION_LENGTH__:0x400

.hash
 *(.hash)

.dynsym
 *(.dynsym)

.dynstr
 *(.dynstr)

.gnu.version
 *(.gnu.version)

.gnu.version_d
 *(.gnu.version_d)

.gnu.version_r
 *(.gnu.version_r)

.rel.init
 *(.rel.init)

.rela.init
 *(.rela.init)

.rel.text
 *(.rel.text)
 *(.rel.text.*)
 *(.rel.gnu.linkonce.t*)

.rela.text
 *(.rela.text)
 *(.rela.text.*)
 *(.rela.gnu.linkonce.t*)

.rel.fini
 *(.rel.fini)

.rela.fini
 *(.rela.fini)

.rel.rodata
 *(.rel.rodata)
 *(.rel.rodata.*)
 *(.rel.gnu.linkonce.r*)

.rela.rodata
 *(.rela.rodata)
 *(.rela.rodata.*)
 *(.rela.gnu.linkonce.r*)

.rel.data
 *(.rel.data)
 *(.rel.data.*)
 *(.rel.gnu.linkonce.d*)

.rela.data
 *(.rela.data)
 *(.rela.data.*)
 *(.rela.gnu.linkonce.d*)

.rel.ctors
 *(.rel.ctors)

.rela.ctors
 *(.rela.ctors)

.rel.dtors
 *(.rel.dtors)

.rela.dtors
 *(.rela.dtors)

.rel.got
 *(.rel.got)

.rela.got
 *(.rela.got)

.rel.bss
 *(.rel.bss)

.rela.bss
 *(.rela.bss)

.rel.plt
 *(.rel.plt)

.rela.plt
 *(.rela.plt)

.text           0x0000000000000000     0x830c
 *(.vectors)
 .vectors       0x0000000000000000       0x68 /home/user/software/develop/eclipse/arduinoPlugin/packages/arduino/tools/avr-gcc/4.9.2-atmel3.5.4-arduino2/bin/../lib/gcc/avr/4.9.2/../../../../avr/lib/avr5/crtatmega328p.o
                0x0000000000000000                __vectors
                0x0000000000000000                __vector_default
 *(.vectors)
 *(.progmem.gcc*)
 .progmem.gcc_sw_table
                0x0000000000000068       0x12 /tmp/ccTHmjPS.ltrans2.ltrans.o
                0x000000000000007a                . = ALIGN (0x2)
                0x000000000000007a                __trampolines_start = .
 *(.trampolines)
 .trampolines   0x000000000000007a        0x0 linker stubs
 *(.trampolines*)
                0x000000000000007a                __trampolines_end = .
 *libprintf_flt.a:*(.progmem.data)
 *libc.a:*(.progmem.data)
 *(.progmem*)
 .progmem.data  0x000000000000007a      0x2d3 /tmp/ccTHmjPS.ltrans1.ltrans.o
                0x0000000000000116                functiondict
                0x00000000000001e8                reservedwords
                0x0000000000000240                _ZL13builtin_table.lto_priv.54
 .progmem.data  0x000000000000034d       0xb6 /tmp/ccTHmjPS.ltrans2.ltrans.o
 .progmem.data  0x0000000000000403      0x18b /tmp/ccTHmjPS.ltrans3.ltrans.o
 .progmem.data  0x000000000000058e      0x145 /tmp/ccTHmjPS.ltrans4.ltrans.o
                0x00000000000006c9                port_to_input_PGM
 .progmem.data  0x00000000000006d3       0x47 /tmp/ccTHmjPS.ltrans5.ltrans.o
                0x00000000000006d3                digital_pin_to_bit_mask_PGM
                0x00000000000006e7                port_to_output_PGM
                0x00000000000006f1                digital_pin_to_port_PGM
                0x0000000000000706                digital_pin_to_timer_PGM
 .progmem.data  0x000000000000071a       0x40 /tmp/ccTHmjPS.ltrans6.ltrans.o
                0x000000000000075a                . = ALIGN (0x2)
 *(.jumptables)
 *(.jumptables*)
 *(.lowtext)
 *(.lowtext*)
                0x000000000000075a                __ctors_start = .
 *(.ctors)
 .ctors         0x000000000000075a        0x2 /tmp/ccTHmjPS.ltrans2.ltrans.o
                0x000000000000075c                __ctors_end = .
                0x000000000000075c                __dtors_start = .
 *(.dtors)
 .dtors         0x000000000000075c        0x2 /tmp/ccTHmjPS.ltrans2.ltrans.o
                0x000000000000075e                __dtors_end = .
 SORT(*)(.ctors)
 SORT(*)(.dtors)
 *(.init0)
 .init0         0x000000000000075e        0x0 /home/user/software/develop/eclipse/arduinoPlugin/packages/arduino/tools/avr-gcc/4.9.2-atmel3.5.4-arduino2/bin/../lib/gcc/avr/4.9.2/../../../../avr/lib/avr5/crtatmega328p.o
                0x000000000000075e                __init
 *(.init0)
 *(.init1)
 *(.init1)
 *(.init2)
 .init2         0x000000000000075e        0xc /home/user/software/develop/eclipse/arduinoPlugin/packages/arduino/tools/avr-gcc/4.9.2-atmel3.5.4-arduino2/bin/../lib/gcc/avr/4.9.2/../../../../avr/lib/avr5/crtatmega328p.o
 *(.init2)
 *(.init3)
 *(.init3)
 *(.init4)
 .init4         0x000000000000076a       0x16 /home/user/software/develop/eclipse/arduinoPlugin/packages/arduino/tools/avr-gcc/4.9.2-atmel3.5.4-arduino2/bin/../lib/gcc/avr/4.9.2/avr5/libgcc.a(_copy_data.o)
                0x000000000000076a                __do_copy_data
 .init4         0x0000000000000780       0x10 /home/user/software/develop/eclipse/arduinoPlugin/packages/arduino/tools/avr-gcc/4.9.2-atmel3.5.4-arduino2/bin/../lib/gcc/avr/4.9.2/avr5/libgcc.a(_clear_bss.o)
                0x0000000000000780                __do_clear_bss
 *(.init4)
 *(.init5)
 *(.init5)
 *(.init6)
 .init6         0x0000000000000790       0x16 /home/user/software/develop/eclipse/arduinoPlugin/packages/arduino/tools/avr-gcc/4.9.2-atmel3.5.4-arduino2/bin/../lib/gcc/avr/4.9.2/avr5/libgcc.a(_ctors.o)
                0x0000000000000790                __do_global_ctors
 *(.init6)
 *(.init7)
 *(.init7)
 *(.init8)
 *(.init8)
 *(.init9)
 .init9         0x00000000000007a6        0x8 /home/user/software/develop/eclipse/arduinoPlugin/packages/arduino/tools/avr-gcc/4.9.2-atmel3.5.4-arduino2/bin/../lib/gcc/avr/4.9.2/../../../../avr/lib/avr5/crtatmega328p.o
 *(.init9)
 *(.text)
 .text          0x00000000000007ae        0x4 /home/user/software/develop/eclipse/arduinoPlugin/packages/arduino/tools/avr-gcc/4.9.2-atmel3.5.4-arduino2/bin/../lib/gcc/avr/4.9.2/../../../../avr/lib/avr5/crtatmega328p.o
                0x00000000000007ae                __vector_22
                0x00000000000007ae                __vector_1
                0x00000000000007ae                __vector_24
                0x00000000000007ae                __vector_12
                0x00000000000007ae                __bad_interrupt
                0x00000000000007ae                __vector_6
                0x00000000000007ae                __vector_23
                0x00000000000007ae                __vector_25
                0x00000000000007ae                __vector_11
                0x00000000000007ae                __vector_13
                0x00000000000007ae                __vector_17
                0x00000000000007ae                __vector_9
                0x00000000000007ae                __vector_2
                0x00000000000007ae                __vector_21
                0x00000000000007ae                __vector_15
                0x00000000000007ae                __vector_8
                0x00000000000007ae                __vector_14
                0x00000000000007ae                __vector_10
                0x00000000000007ae                __vector_20
 .text          0x00000000000007b2     0x10fa /tmp/ccTHmjPS.ltrans0.ltrans.o
                0x00000000000007b2                _Z14serialEventRunv
                0x00000000000007c6                _ZN14SoftwareSerial4peekEv
                0x00000000000007f6                _ZN14SoftwareSerial5flushEv
                0x00000000000007f8                _ZN14SoftwareSerial5writeEh
                0x00000000000008a0                _ZN14SoftwareSerial9availableEv
                0x00000000000008d0                _ZN14SoftwareSerial4readEv
                0x0000000000000912                _ZN5Print5flushEv
                0x0000000000000914                _ZN5Print17availableForWriteEv
                0x000000000000091a                _Z6setScrv
                0x0000000000000af4                _Z6getScrv
                0x0000000000000cc8                _Z5addIDv
                0x0000000000000d1e                _Z8changeIDv
                0x0000000000000dd4                _Z16getGpsFromEepromv
                0x0000000000000ef6                _ZN14HardwareSerial17_tx_udr_empty_irqEv
                0x0000000000000f38                _ZN27Adafruit_Fingerprint_PacketC2EhjPh.lto_priv.53
                0x0000000000000f8a                _Z6listIDv
                0x00000000000011ce                _Z10clearID123v
                0x000000000000132e                _ZN14SoftwareSerialC2Ehhb
                0x00000000000013fa                __vector_3
                0x00000000000013fa                __vector_5
                0x00000000000013fa                __vector_4
                0x00000000000014ee                _ZN14SoftwareSerial13stopListeningEv
                0x000000000000151a                _ZN14SoftwareSerial6listenEv
                0x000000000000156c                _ZN14SoftwareSerial5beginEl
                0x0000000000001688                _Z19readAndCompaeFingerv
                0x000000000000180e                _Z7timeOutv
                0x0000000000001830                _Z11putHandOnFgv
                0x0000000000001852                _Z5getFGv
 .text          0x00000000000018ac     0x1076 /tmp/ccTHmjPS.ltrans1.ltrans.o
                0x0000000000001bc2                _Z10findscriptPc
                0x0000000000001e82                _Z6getargi
                0x0000000000001f9e                _Z4vpopv
                0x0000000000001fca                _Z15releaseargblockv
                0x0000000000001ffe                _Z5vpushl
                0x0000000000002034                _Z3voph
                0x00000000000021fa                _Z5vinitv
                0x0000000000002226                _Z6getsymv
                0x00000000000022fc                _Z6hexvalc
                0x0000000000002316                _Z11parsestringPFvcE
                0x00000000000023e4                _Z12parsearglistv
                0x000000000000252a                _Z4msgph
                0x000000000000254c                _Z5msgplh
                0x0000000000002582                _Z9getfactorv
 .text          0x0000000000002922      0xb5e /tmp/ccTHmjPS.ltrans2.ltrans.o
                0x0000000000002922                _ZN14HardwareSerial5beginEmh.constprop.45
                0x00000000000029f0                _Z13finger_Configm.constprop.43
                0x0000000000002a2e                _Z9beepMutilmmmj.constprop.40
                0x0000000000002a8a                _ZN20Adafruit_Fingerprint19getStructuredPacketEP27Adafruit_Fingerprint_Packetj.constprop.39
                0x0000000000002b74                _ZN20Adafruit_Fingerprint21writeStructuredPacketERK27Adafruit_Fingerprint_Packet.constprop.38
                0x0000000000002ce0                _ZN20Adafruit_Fingerprint8image2TzEh.constprop.35
                0x0000000000002d4c                _ZN20Adafruit_Fingerprint8getImageEv.constprop.34
                0x000000000000301e                _Z14changeIdFingerhj.constprop.31
                0x000000000000307e                _Z8AddNewIdjjj.constprop.24
                0x000000000000318a                _Z25getGpsData_softWareSerialhj.constprop.20
 .text          0x0000000000003480     0x111e /tmp/ccTHmjPS.ltrans3.ltrans.o
                0x000000000000362e                _Z11func_getnumv
                0x00000000000037d2                _Z11func_getkeyv
                0x0000000000003810                _Z11func_millisv
                0x0000000000003814                _Z12func_bitreadv
                0x0000000000003852                _Z11func_bitsetv
                0x00000000000038a0                _Z13func_bitclearv
                0x00000000000038f6                _Z13func_bitwritev
                0x000000000000391e                _Z6getmsgh
                0x0000000000003946                _Z6fetchcv
                0x00000000000039a8                _Z10execscripthjPc
                0x0000000000003aee                _Z18callscriptfunctionhj
                0x000000000000456c                _Z18addCSShockFunctionPKcPFlvE
 .text          0x000000000000459e     0x1190 /tmp/ccTHmjPS.ltrans4.ltrans.o
                0x000000000000462c                _Z10func_clearv
                0x000000000000463c                _Z8usr_freec
                0x000000000000482a                _Z9func_freev
                0x0000000000004866                _Z6fatal2cc
                0x00000000000048c6                _Z7reqargsh
                0x00000000000048f0                _Z8func_mapv
                0x000000000000499e                _Z12func_setBaudv
                0x00000000000049e6                _Z12func_pulseinv
                0x0000000000004a7a                _Z7func_ewv
                0x0000000000004aa2                _Z7func_erv
                0x0000000000004ac4                _Z7func_awv
                0x0000000000004aea                _Z7func_arv
                0x0000000000004b0a                _Z14func_constrainv
                0x0000000000004b62                _Z8func_maxv
                0x0000000000004ba0                _Z8func_minv
                0x0000000000004bde                _Z9func_signv
                0x0000000000004c20                _Z8func_absv
                0x0000000000004c4c                _Z9func_outbv
                0x0000000000004c74                _Z8func_inbv
                0x0000000000004c94                _Z11func_randomv
                0x0000000000004d70                _Z9func_beepv
                0x0000000000004da0                _Z8overflowh
                0x0000000000004da6                _Z10unexpectedh
                0x0000000000004dae                _Z12expectedcharh
                0x0000000000004dba                _Z8expectedh
                0x0000000000004dc2                _Z7hexDumpPcmmh
                0x0000000000005084                _Z9func_pmemv
                0x000000000000510a                _Z6eeputsj
                0x000000000000512c                _Z7findendj
                0x000000000000516c                _Z12findoccupiedj
                0x0000000000005196                _Z6cmd_lsv
                0x00000000000051f4                _Z7findKeyPc
                0x000000000000527e                _Z10eraseentryPc
                0x0000000000005294                _Z8showdictPKc
                0x00000000000052c6                _Z5doCLIPc
                0x00000000000052d2                _Z6promptv
                0x000000000000532e                _Z8initlbufv
                0x0000000000005356                digitalRead
                0x00000000000053a8                _Z7func_drv
                0x00000000000053c8                digitalWrite
                0x0000000000005428                _Z13func_shiftoutv
                0x00000000000054ba                _Z7func_dwv
                0x00000000000054e0                pinMode
                0x0000000000005558                _Z12func_pinmodev
                0x000000000000557e                delayMicroseconds
                0x0000000000005594                micros
                0x00000000000055de                delay
                0x0000000000005652                _Z10func_delayv
                0x0000000000005676                millis
                0x000000000000568e                _Z11func_snoozev
 .text          0x000000000000572e     0x103c /tmp/ccTHmjPS.ltrans5.ltrans.o
                0x000000000000572e                _Z8eecommitv
                0x0000000000005730                _Z3spbc
                0x00000000000058e4                _Z9findindexPcPKch.constprop.4
                0x0000000000005954                analogWrite
                0x0000000000005a12                analogRead
                0x0000000000005a40                __vector_7
                0x0000000000005b44                _Z4tonehjm
                0x0000000000006014                _Z9startTaskim
                0x0000000000006074                _Z12initTaskListv
                0x0000000000006084                _Z17printUint32InBasemhhh
                0x00000000000061b8                _Z16printUint32NoPadm
                0x00000000000061c8                _Z10printFloatf
                0x0000000000006342                _Z10printInt32lhh
                0x000000000000639a                _Z5speolv
                0x00000000000063a6                _Z18printlnUint32NoPadm
                0x00000000000063b8                _Z3spPPK19__FlashStringHelper
                0x00000000000063d6                _Z5splnPPK19__FlashStringHelper
                0x00000000000063de                _Z2spPKc
                0x00000000000063f6                _Z4splnPKc
                0x00000000000063fe                _Z7setBaudil
                0x0000000000006478                _Z9setOutputh
                0x00000000000064ac                _Z11func_printfv
                0x00000000000066f8                _Z13getexpressionv
                0x0000000000006746                _Z6getnumv
 .text          0x000000000000676a      0x2fe /tmp/ccTHmjPS.ltrans6.ltrans.o
                0x000000000000676a                _ZN5Print5writeEPKhj
                0x00000000000067c0                _ZN14HardwareSerial17availableForWriteEv
                0x00000000000067de                _ZN14HardwareSerial4readEv
                0x0000000000006806                _ZN14HardwareSerial4peekEv
                0x0000000000006822                _ZN14HardwareSerial9availableEv
                0x000000000000683a                _Z17Serial0_availablev
                0x000000000000684e                __cxa_pure_virtual
                0x0000000000006852                _ZN14HardwareSerial5writeEh
                0x00000000000068e0                _ZN14HardwareSerial5flushEv
                0x0000000000006924                __vector_16
                0x00000000000069b8                __vector_19
                0x0000000000006a04                __vector_18
 .text          0x0000000000006a68       0x8a /home/user/workspace/eclipse1/TestFuncionWithIOTLibs/Release/arduino.ar(wiring_pulse.S.o)
                0x0000000000006a68                countPulseASM
                0x0000000000006af2                . = ALIGN (0x2)
 *(.text.*)
 .text.exit     0x0000000000006af2       0x2c /tmp/ccTHmjPS.ltrans2.ltrans.o
 .text.startup  0x0000000000006b1e       0x9e /tmp/ccTHmjPS.ltrans2.ltrans.o
 .text.startup  0x0000000000006bbc      0x7d6 /tmp/ccTHmjPS.ltrans6.ltrans.o
                0x0000000000006bbc                main
 .text.avr-libc
                0x0000000000007392       0x82 /home/user/software/develop/eclipse/arduinoPlugin/packages/arduino/tools/avr-gcc/4.9.2-atmel3.5.4-arduino2/bin/../lib/gcc/avr/4.9.2/../../../../avr/lib/avr5/libc.a(setjmp.o)
                0x0000000000007392                setjmp
                0x00000000000073d2                longjmp
 .text.avr-libc
                0x0000000000007414       0x12 /home/user/software/develop/eclipse/arduinoPlugin/packages/arduino/tools/avr-gcc/4.9.2-atmel3.5.4-arduino2/bin/../lib/gcc/avr/4.9.2/../../../../avr/lib/avr5/libc.a(memcpy_P.o)
                0x0000000000007414                memcpy_P
 .text.avr-libc
                0x0000000000007426       0x12 /home/user/software/develop/eclipse/arduinoPlugin/packages/arduino/tools/avr-gcc/4.9.2-atmel3.5.4-arduino2/bin/../lib/gcc/avr/4.9.2/../../../../avr/lib/avr5/libc.a(strcmp_P.o)
                0x0000000000007426                strcmp_P
 .text.avr-libc
                0x0000000000007438       0x12 /home/user/software/develop/eclipse/arduinoPlugin/packages/arduino/tools/avr-gcc/4.9.2-atmel3.5.4-arduino2/bin/../lib/gcc/avr/4.9.2/../../../../avr/lib/avr5/libc.a(strlen_P.o)
                0x0000000000007438                __strlen_P
 .text.avr-libc
                0x000000000000744a       0x1e /home/user/software/develop/eclipse/arduinoPlugin/packages/arduino/tools/avr-gcc/4.9.2-atmel3.5.4-arduino2/bin/../lib/gcc/avr/4.9.2/../../../../avr/lib/avr5/libc.a(strncpy_P.o)
                0x000000000000744a                strncpy_P
 .text.avr-libc.fplib
                0x0000000000007468        0xa /home/user/software/develop/eclipse/arduinoPlugin/packages/arduino/tools/avr-gcc/4.9.2-atmel3.5.4-arduino2/bin/../lib/gcc/avr/4.9.2/../../../../avr/lib/avr5/libc.a(cmpsf2.o)
                0x0000000000007468                __lesf2
                0x0000000000007468                __nesf2
                0x0000000000007468                __eqsf2
                0x0000000000007468                __cmpsf2
                0x0000000000007468                __ltsf2
 .text.avr-libc.fplib
                0x0000000000007472       0x7a /home/user/software/develop/eclipse/arduinoPlugin/packages/arduino/tools/avr-gcc/4.9.2-atmel3.5.4-arduino2/bin/../lib/gcc/avr/4.9.2/../../../../avr/lib/avr5/libc.a(floatsisf.o)
                0x0000000000007472                __floatunsisf
                0x0000000000007476                __floatsisf
 .text.avr-libc.fplib
                0x00000000000074ec       0x48 /home/user/software/develop/eclipse/arduinoPlugin/packages/arduino/tools/avr-gcc/4.9.2-atmel3.5.4-arduino2/bin/../lib/gcc/avr/4.9.2/../../../../avr/lib/avr5/libc.a(fp_cmp.o)
                0x00000000000074ec                __fp_cmp
 .text.avr-libc.fplib
                0x0000000000007534        0x8 /home/user/software/develop/eclipse/arduinoPlugin/packages/arduino/tools/avr-gcc/4.9.2-atmel3.5.4-arduino2/bin/../lib/gcc/avr/4.9.2/../../../../avr/lib/avr5/libc.a(mulsf3.o)
                0x0000000000007534                __mulsf3
 .text.avr-libc.fplib
                0x000000000000753c       0xd2 /home/user/software/develop/eclipse/arduinoPlugin/packages/arduino/tools/avr-gcc/4.9.2-atmel3.5.4-arduino2/bin/../lib/gcc/avr/4.9.2/../../../../avr/lib/avr5/libc.a(mulsf3x.o)
                0x000000000000755a                __mulsf3x
                0x0000000000007560                __mulsf3_pse
 .text.avr-libc
                0x000000000000760e        0x6 /home/user/software/develop/eclipse/arduinoPlugin/packages/arduino/tools/avr-gcc/4.9.2-atmel3.5.4-arduino2/bin/../lib/gcc/avr/4.9.2/../../../../avr/lib/avr5/libc.a(cty_isfalse.o)
                0x000000000000760e                __ctype_isfalse
                0x0000000000007612                __ctype_istrue
 .text.avr-libc.fplib
                0x0000000000007614        0xc /home/user/software/develop/eclipse/arduinoPlugin/packages/arduino/tools/avr-gcc/4.9.2-atmel3.5.4-arduino2/bin/../lib/gcc/avr/4.9.2/../../../../avr/lib/avr5/libc.a(fp_inf.o)
                0x0000000000007614                __fp_inf
 .text.avr-libc.fplib
                0x0000000000007620        0x6 /home/user/software/develop/eclipse/arduinoPlugin/packages/arduino/tools/avr-gcc/4.9.2-atmel3.5.4-arduino2/bin/../lib/gcc/avr/4.9.2/../../../../avr/lib/avr5/libc.a(fp_nan.o)
                0x0000000000007620                __fp_nan
 .text.avr-libc.fplib
                0x0000000000007626        0xe /home/user/software/develop/eclipse/arduinoPlugin/packages/arduino/tools/avr-gcc/4.9.2-atmel3.5.4-arduino2/bin/../lib/gcc/avr/4.9.2/../../../../avr/lib/avr5/libc.a(fp_pscA.o)
                0x0000000000007626                __fp_pscA
 .text.avr-libc.fplib
                0x0000000000007634        0xe /home/user/software/develop/eclipse/arduinoPlugin/packages/arduino/tools/avr-gcc/4.9.2-atmel3.5.4-arduino2/bin/../lib/gcc/avr/4.9.2/../../../../avr/lib/avr5/libc.a(fp_pscB.o)
                0x0000000000007634                __fp_pscB
 .text.avr-libc.fplib
                0x0000000000007642       0x22 /home/user/software/develop/eclipse/arduinoPlugin/packages/arduino/tools/avr-gcc/4.9.2-atmel3.5.4-arduino2/bin/../lib/gcc/avr/4.9.2/../../../../avr/lib/avr5/libc.a(fp_round.o)
                0x0000000000007642                __fp_round
 .text.avr-libc.fplib
                0x0000000000007664       0x44 /home/user/software/develop/eclipse/arduinoPlugin/packages/arduino/tools/avr-gcc/4.9.2-atmel3.5.4-arduino2/bin/../lib/gcc/avr/4.9.2/../../../../avr/lib/avr5/libc.a(fp_split3.o)
                0x0000000000007664                __fp_split3
                0x0000000000007674                __fp_splitA
 .text.avr-libc.fplib
                0x00000000000076a8        0xe /home/user/software/develop/eclipse/arduinoPlugin/packages/arduino/tools/avr-gcc/4.9.2-atmel3.5.4-arduino2/bin/../lib/gcc/avr/4.9.2/../../../../avr/lib/avr5/libc.a(fp_zero.o)
                0x00000000000076a8                __fp_zero
                0x00000000000076aa                __fp_szero
 .text.avr-libc
                0x00000000000076b6       0x10 /home/user/software/develop/eclipse/arduinoPlugin/packages/arduino/tools/avr-gcc/4.9.2-atmel3.5.4-arduino2/bin/../lib/gcc/avr/4.9.2/../../../../avr/lib/avr5/libatmega328p.a(eerd_byte.o)
                0x00000000000076b6                eeprom_read_byte
 .text.avr-libc
                0x00000000000076c6       0x1c /home/user/software/develop/eclipse/arduinoPlugin/packages/arduino/tools/avr-gcc/4.9.2-atmel3.5.4-arduino2/bin/../lib/gcc/avr/4.9.2/../../../../avr/lib/avr5/libatmega328p.a(eewr_byte.o)
                0x00000000000076c6                eeprom_write_byte
                0x00000000000076c8                eeprom_write_r18
 .text.libgcc.div
                0x00000000000076e2       0x2e /home/user/software/develop/eclipse/arduinoPlugin/packages/arduino/tools/avr-gcc/4.9.2-atmel3.5.4-arduino2/bin/../lib/gcc/avr/4.9.2/avr5/libgcc.a(_divmodsi4.o)
                0x00000000000076e2                __divmodsi4
 .text.libgcc.div
                0x0000000000007710       0x10 /home/user/software/develop/eclipse/arduinoPlugin/packages/arduino/tools/avr-gcc/4.9.2-atmel3.5.4-arduino2/bin/../lib/gcc/avr/4.9.2/avr5/libgcc.a(_negsi2.o)
                0x0000000000007710                __negsi2
 .text.libgcc.mul
                0x0000000000007720       0x16 /home/user/software/develop/eclipse/arduinoPlugin/packages/arduino/tools/avr-gcc/4.9.2-atmel3.5.4-arduino2/bin/../lib/gcc/avr/4.9.2/avr5/libgcc.a(_muluhisi3.o)
                0x0000000000007720                __muluhisi3
 .text.libgcc.prologue
                0x0000000000007736       0x38 /home/user/software/develop/eclipse/arduinoPlugin/packages/arduino/tools/avr-gcc/4.9.2-atmel3.5.4-arduino2/bin/../lib/gcc/avr/4.9.2/avr5/libgcc.a(_prologue.o)
                0x0000000000007736                __prologue_saves__
 .text.libgcc.prologue
                0x000000000000776e       0x36 /home/user/software/develop/eclipse/arduinoPlugin/packages/arduino/tools/avr-gcc/4.9.2-atmel3.5.4-arduino2/bin/../lib/gcc/avr/4.9.2/avr5/libgcc.a(_epilogue.o)
                0x000000000000776e                __epilogue_restores__
 .text.libgcc.div
                0x00000000000077a4       0x44 /home/user/software/develop/eclipse/arduinoPlugin/packages/arduino/tools/avr-gcc/4.9.2-atmel3.5.4-arduino2/bin/../lib/gcc/avr/4.9.2/avr5/libgcc.a(_udivmodsi4.o)
                0x00000000000077a4                __udivmodsi4
 .text.libgcc.mul
                0x00000000000077e8       0x1e /home/user/software/develop/eclipse/arduinoPlugin/packages/arduino/tools/avr-gcc/4.9.2-atmel3.5.4-arduino2/bin/../lib/gcc/avr/4.9.2/avr5/libgcc.a(_umulhisi3.o)
                0x00000000000077e8                __umulhisi3
 .text.avr-libc.fplib
                0x0000000000007806        0xe /home/user/software/develop/eclipse/arduinoPlugin/packages/arduino/tools/avr-gcc/4.9.2-atmel3.5.4-arduino2/bin/../lib/gcc/avr/4.9.2/../../../../avr/lib/avr5/libm.a(addsf3.o)
                0x0000000000007806                __subsf3
                0x0000000000007808                __addsf3
 .text.avr-libc.fplib
                0x0000000000007814       0xcc /home/user/software/develop/eclipse/arduinoPlugin/packages/arduino/tools/avr-gcc/4.9.2-atmel3.5.4-arduino2/bin/../lib/gcc/avr/4.9.2/../../../../avr/lib/avr5/libm.a(addsf3x.o)
                0x0000000000007836                __addsf3x
 .text.avr-libc.fplib
                0x00000000000078e0        0x8 /home/user/software/develop/eclipse/arduinoPlugin/packages/arduino/tools/avr-gcc/4.9.2-atmel3.5.4-arduino2/bin/../lib/gcc/avr/4.9.2/../../../../avr/lib/avr5/libm.a(divsf3.o)
                0x00000000000078e0                __divsf3
 .text.avr-libc.fplib
                0x00000000000078e8       0xdc /home/user/software/develop/eclipse/arduinoPlugin/packages/arduino/tools/avr-gcc/4.9.2-atmel3.5.4-arduino2/bin/../lib/gcc/avr/4.9.2/../../../../avr/lib/avr5/libm.a(divsf3x.o)
                0x0000000000007908                __divsf3x
                0x000000000000790e                __divsf3_pse
 .text.avr-libc.fplib
                0x00000000000079c4        0xe /home/user/software/develop/eclipse/arduinoPlugin/packages/arduino/tools/avr-gcc/4.9.2-atmel3.5.4-arduino2/bin/../lib/gcc/avr/4.9.2/../../../../avr/lib/avr5/libm.a(fixsfsi.o)
                0x00000000000079c4                __fixsfsi
 .text.avr-libc.fplib
                0x00000000000079d2       0x5e /home/user/software/develop/eclipse/arduinoPlugin/packages/arduino/tools/avr-gcc/4.9.2-atmel3.5.4-arduino2/bin/../lib/gcc/avr/4.9.2/../../../../avr/lib/avr5/libm.a(fixunssfsi.o)
                0x00000000000079d2                __fixunssfsi
 .text.libgcc.mul
                0x0000000000007a30       0x20 /home/user/software/develop/eclipse/arduinoPlugin/packages/arduino/tools/avr-gcc/4.9.2-atmel3.5.4-arduino2/bin/../lib/gcc/avr/4.9.2/avr5/libgcc.a(_mulsi3.o)
                0x0000000000007a30                __mulsi3
 .text.libgcc.div
                0x0000000000007a50       0x28 /home/user/software/develop/eclipse/arduinoPlugin/packages/arduino/tools/avr-gcc/4.9.2-atmel3.5.4-arduino2/bin/../lib/gcc/avr/4.9.2/avr5/libgcc.a(_divmodhi4.o)
                0x0000000000007a50                __divmodhi4
                0x0000000000007a50                _div
 .text.libgcc   0x0000000000007a78        0xc /home/user/software/develop/eclipse/arduinoPlugin/packages/arduino/tools/avr-gcc/4.9.2-atmel3.5.4-arduino2/bin/../lib/gcc/avr/4.9.2/avr5/libgcc.a(_tablejump2.o)
                0x0000000000007a78                __tablejump2__
 .text.libgcc.div
                0x0000000000007a84       0x28 /home/user/software/develop/eclipse/arduinoPlugin/packages/arduino/tools/avr-gcc/4.9.2-atmel3.5.4-arduino2/bin/../lib/gcc/avr/4.9.2/avr5/libgcc.a(_udivmodhi4.o)
                0x0000000000007a84                __udivmodhi4
 .text.avr-libc
                0x0000000000007aac      0x25a /home/user/software/develop/eclipse/arduinoPlugin/packages/arduino/tools/avr-gcc/4.9.2-atmel3.5.4-arduino2/bin/../lib/gcc/avr/4.9.2/../../../../avr/lib/avr5/libc.a(malloc.o)
                0x0000000000007aac                malloc
                0x0000000000007bd6                free
 .text.avr-libc
                0x0000000000007d06        0xa /home/user/software/develop/eclipse/arduinoPlugin/packages/arduino/tools/avr-gcc/4.9.2-atmel3.5.4-arduino2/bin/../lib/gcc/avr/4.9.2/../../../../avr/lib/avr5/libc.a(abort.o)
                0x0000000000007d06                abort
 .text.avr-libc
                0x0000000000007d10       0x14 /home/user/software/develop/eclipse/arduinoPlugin/packages/arduino/tools/avr-gcc/4.9.2-atmel3.5.4-arduino2/bin/../lib/gcc/avr/4.9.2/../../../../avr/lib/avr5/libc.a(isalnum.o)
                0x0000000000007d10                isalnum
 .text.avr-libc
                0x0000000000007d24       0x16 /home/user/software/develop/eclipse/arduinoPlugin/packages/arduino/tools/avr-gcc/4.9.2-atmel3.5.4-arduino2/bin/../lib/gcc/avr/4.9.2/../../../../avr/lib/avr5/libc.a(isalpha.o)
                0x0000000000007d24                isupper
                0x0000000000007d2a                isalpha
                0x0000000000007d2c                islower
 .text.avr-libc
                0x0000000000007d3a       0x10 /home/user/software/develop/eclipse/arduinoPlugin/packages/arduino/tools/avr-gcc/4.9.2-atmel3.5.4-arduino2/bin/../lib/gcc/avr/4.9.2/../../../../avr/lib/avr5/libc.a(tolower.o)
                0x0000000000007d3a                tolower
 .text.avr-libc
                0x0000000000007d4a       0x12 /home/user/software/develop/eclipse/arduinoPlugin/packages/arduino/tools/avr-gcc/4.9.2-atmel3.5.4-arduino2/bin/../lib/gcc/avr/4.9.2/../../../../avr/lib/avr5/libc.a(memcpy.o)
                0x0000000000007d4a                memcpy
 .text.avr-libc
                0x0000000000007d5c        0xe /home/user/software/develop/eclipse/arduinoPlugin/packages/arduino/tools/avr-gcc/4.9.2-atmel3.5.4-arduino2/bin/../lib/gcc/avr/4.9.2/../../../../avr/lib/avr5/libc.a(memset.o)
                0x0000000000007d5c                memset
 .text.avr-libc
                0x0000000000007d6a       0x16 /home/user/software/develop/eclipse/arduinoPlugin/packages/arduino/tools/avr-gcc/4.9.2-atmel3.5.4-arduino2/bin/../lib/gcc/avr/4.9.2/../../../../avr/lib/avr5/libc.a(strcat.o)
                0x0000000000007d6a                strcat
 .text.avr-libc
                0x0000000000007d80       0x12 /home/user/software/develop/eclipse/arduinoPlugin/packages/arduino/tools/avr-gcc/4.9.2-atmel3.5.4-arduino2/bin/../lib/gcc/avr/4.9.2/../../../../avr/lib/avr5/libc.a(strcmp.o)
                0x0000000000007d80                strcmp
 .text.avr-libc
                0x0000000000007d92       0x1e /home/user/software/develop/eclipse/arduinoPlugin/packages/arduino/tools/avr-gcc/4.9.2-atmel3.5.4-arduino2/bin/../lib/gcc/avr/4.9.2/../../../../avr/lib/avr5/libc.a(strncpy.o)
                0x0000000000007d92                strncpy
 .text.avr-libc
                0x0000000000007db0       0x46 /home/user/software/develop/eclipse/arduinoPlugin/packages/arduino/tools/avr-gcc/4.9.2-atmel3.5.4-arduino2/bin/../lib/gcc/avr/4.9.2/../../../../avr/lib/avr5/libc.a(sprintf.o)
                0x0000000000007db0                sprintf
 .text.avr-libc
                0x0000000000007df6      0x3a4 /home/user/software/develop/eclipse/arduinoPlugin/packages/arduino/tools/avr-gcc/4.9.2-atmel3.5.4-arduino2/bin/../lib/gcc/avr/4.9.2/../../../../avr/lib/avr5/libc.a(vfprintf_std.o)
                0x0000000000007df6                vfprintf
 .text.avr-libc
                0x000000000000819a       0x16 /home/user/software/develop/eclipse/arduinoPlugin/packages/arduino/tools/avr-gcc/4.9.2-atmel3.5.4-arduino2/bin/../lib/gcc/avr/4.9.2/../../../../avr/lib/avr5/libc.a(strnlen_P.o)
                0x000000000000819a                strnlen_P
 .text.avr-libc
                0x00000000000081b0       0x16 /home/user/software/develop/eclipse/arduinoPlugin/packages/arduino/tools/avr-gcc/4.9.2-atmel3.5.4-arduino2/bin/../lib/gcc/avr/4.9.2/../../../../avr/lib/avr5/libc.a(strnlen.o)
                0x00000000000081b0                strnlen
 .text.avr-libc
                0x00000000000081c6       0x70 /home/user/software/develop/eclipse/arduinoPlugin/packages/arduino/tools/avr-gcc/4.9.2-atmel3.5.4-arduino2/bin/../lib/gcc/avr/4.9.2/../../../../avr/lib/avr5/libc.a(fputc.o)
                0x00000000000081c6                fputc
 .text.avr-libc
                0x0000000000008236       0xbc /home/user/software/develop/eclipse/arduinoPlugin/packages/arduino/tools/avr-gcc/4.9.2-atmel3.5.4-arduino2/bin/../lib/gcc/avr/4.9.2/../../../../avr/lib/avr5/libc.a(ultoa_invert.o)
                0x0000000000008236                __ultoa_invert
                0x00000000000082f2                . = ALIGN (0x2)
 *(.fini9)
 .fini9         0x00000000000082f2        0x0 /home/user/software/develop/eclipse/arduinoPlugin/packages/arduino/tools/avr-gcc/4.9.2-atmel3.5.4-arduino2/bin/../lib/gcc/avr/4.9.2/avr5/libgcc.a(_exit.o)
                0x00000000000082f2                exit
                0x00000000000082f2                _exit
 *(.fini9)
 *(.fini8)
 *(.fini8)
 *(.fini7)
 *(.fini7)
 *(.fini6)
 .fini6         0x00000000000082f2       0x16 /home/user/software/develop/eclipse/arduinoPlugin/packages/arduino/tools/avr-gcc/4.9.2-atmel3.5.4-arduino2/bin/../lib/gcc/avr/4.9.2/avr5/libgcc.a(_dtors.o)
                0x00000000000082f2                __do_global_dtors
 *(.fini6)
 *(.fini5)
 *(.fini5)
 *(.fini4)
 *(.fini4)
 *(.fini3)
 *(.fini3)
 *(.fini2)
 *(.fini2)
 *(.fini1)
 *(.fini1)
 *(.fini0)
 .fini0         0x0000000000008308        0x4 /home/user/software/develop/eclipse/arduinoPlugin/packages/arduino/tools/avr-gcc/4.9.2-atmel3.5.4-arduino2/bin/../lib/gcc/avr/4.9.2/avr5/libgcc.a(_exit.o)
 *(.fini0)
                0x000000000000830c                _etext = .

.data           0x0000000000800100      0x24e load address 0x000000000000830c
                0x0000000000800100                PROVIDE (__data_start, .)
 *(.data)
 .data          0x0000000000800100        0x8 /tmp/ccTHmjPS.ltrans4.ltrans.o
 .data          0x0000000000800108        0x1 /tmp/ccTHmjPS.ltrans5.ltrans.o
 .data          0x0000000000800109        0x6 /home/user/software/develop/eclipse/arduinoPlugin/packages/arduino/tools/avr-gcc/4.9.2-atmel3.5.4-arduino2/bin/../lib/gcc/avr/4.9.2/../../../../avr/lib/avr5/libc.a(malloc.o)
                0x0000000000800109                __malloc_heap_end
                0x000000000080010b                __malloc_heap_start
                0x000000000080010d                __malloc_margin
 *(.data*)
 *(.rodata)
 .rodata        0x000000000080010f        0x6 /tmp/ccTHmjPS.ltrans0.ltrans.o
 .rodata        0x0000000000800115       0x12 /tmp/ccTHmjPS.ltrans1.ltrans.o
 .rodata        0x0000000000800127       0x42 /tmp/ccTHmjPS.ltrans2.ltrans.o
                0x0000000000800139                _ZTV6Stream
                0x000000000080014b                _ZTV5Print
                0x0000000000800157                _ZTV14SoftwareSerial
 *(.rodata*)
 .rodata.str1.1
                0x0000000000800169       0xed /tmp/ccTHmjPS.ltrans0.ltrans.o
                                        0x109 (size before relaxing)
 .rodata.str1.1
                0x0000000000800256       0x3d /tmp/ccTHmjPS.ltrans2.ltrans.o
                                         0x43 (size before relaxing)
 .rodata.str1.1
                0x0000000000800293       0x3d /tmp/ccTHmjPS.ltrans3.ltrans.o
                                          0x1 (size before relaxing)
 .rodata.str1.1
                0x0000000000800293        0x2 /tmp/ccTHmjPS.ltrans4.ltrans.o
 .rodata.str1.1
                0x0000000000800293       0xba /tmp/ccTHmjPS.ltrans6.ltrans.o
                                         0xcc (size before relaxing)
 *(.gnu.linkonce.d*)
                0x000000000080034e                . = ALIGN (0x2)
 *fill*         0x000000000080034d        0x1 
                0x000000000080034e                _edata = .
                0x000000000080034e                PROVIDE (__data_end, .)

.bss            0x000000000080034e      0x4fb
                0x000000000080034e                PROVIDE (__bss_start, .)
 *(.bss)
 .bss           0x000000000080034e       0x45 /tmp/ccTHmjPS.ltrans0.ltrans.o
 .bss           0x0000000000800393      0x1c3 /tmp/ccTHmjPS.ltrans1.ltrans.o
                0x0000000000800393                arg
                0x0000000000800395                bf_install_count
                0x0000000000800396                inchar
                0x0000000000800397                user_functions
                0x00000000008003bf                vars
 .bss           0x0000000000800556      0x15f /tmp/ccTHmjPS.ltrans2.ltrans.o
                0x0000000000800556                sttGetGps
                0x0000000000800557                datasend_encoder
                0x000000000080055d                addnewId
                0x000000000080055e                input_uart
                0x0000000000800590                changeId
                0x0000000000800591                secondScan
                0x0000000000800592                beep
                0x0000000000800593                Serial
                0x0000000000800630                GPSNeo
                0x000000000080064f                finger
                0x0000000000800677                fingerSerial
 .bss           0x00000000008006b5       0x1e /tmp/ccTHmjPS.ltrans3.ltrans.o
                0x00000000008006b5                curtask
                0x00000000008006b6                background
                0x00000000008006b7                env
                0x00000000008006ce                fetchptr
                0x00000000008006d2                fetchtype
 .bss           0x00000000008006d3       0x84 /tmp/ccTHmjPS.ltrans4.ltrans.o
                0x00000000008006d3                timer0_millis
                0x00000000008006d7                timer0_overflow_count
                0x00000000008006db                lbufptr
                0x00000000008006dd                lbuf
                0x0000000000800755                callFreeFlag
                0x0000000000800756                forceSnooze
 .bss           0x0000000000800757       0xa5 /tmp/ccTHmjPS.ltrans5.ltrans.o
                0x0000000000800757                sym
                0x0000000000800758                expval
                0x000000000080075c                exptype
                0x000000000080075d                outpin
                0x000000000080075e                waketime
                0x000000000080077e                snoozetime
                0x000000000080079e                tasklist
                0x00000000008007ae                idbuf
                0x00000000008007bb                symval
 .bss           0x00000000008007fc       0x49 /tmp/ccTHmjPS.ltrans6.ltrans.o
                0x00000000008007fc                callGetIdFromApp
                0x00000000008007fd                numberIdChange
                0x00000000008007fe                callChangeIdFromApp
                0x00000000008007ff                callAddIdFromApp
                0x0000000000800800                getId
 *(.bss*)
 *(COMMON)
 COMMON         0x0000000000800845        0x4 /home/user/software/develop/eclipse/arduinoPlugin/packages/arduino/tools/avr-gcc/4.9.2-atmel3.5.4-arduino2/bin/../lib/gcc/avr/4.9.2/../../../../avr/lib/avr5/libc.a(malloc.o)
                0x0000000000800845                __brkval
                0x0000000000800847                __flp
                0x0000000000800849                PROVIDE (__bss_end, .)
                0x000000000000830c                __data_load_start = LOADADDR (.data)
                0x000000000000855a                __data_load_end = (__data_load_start + SIZEOF (.data))

.noinit         0x0000000000800849        0x0
                [!provide]                        PROVIDE (__noinit_start, .)
 *(.noinit*)
                [!provide]                        PROVIDE (__noinit_end, .)
                0x0000000000800849                _end = .
                0x0000000000800849                PROVIDE (__heap_start, .)

.eeprom         0x0000000000810000        0x0
 *(.eeprom*)
                0x0000000000810000                __eeprom_end = .

.fuse
 *(.fuse)
 *(.lfuse)
 *(.hfuse)
 *(.efuse)

.lock
 *(.lock*)

.signature
 *(.signature*)

.user_signatures
 *(.user_signatures*)

.stab
 *(.stab)

.stabstr
 *(.stabstr)

.stab.excl
 *(.stab.excl)

.stab.exclstr
 *(.stab.exclstr)

.stab.index
 *(.stab.index)

.stab.indexstr
 *(.stab.indexstr)

.comment        0x0000000000000000       0x11
 *(.comment)
 .comment       0x0000000000000000       0x11 /tmp/ccTHmjPS.ltrans0.ltrans.o
                                         0x12 (size before relaxing)
 .comment       0x0000000000000011       0x12 /tmp/ccTHmjPS.ltrans1.ltrans.o
 .comment       0x0000000000000011       0x12 /tmp/ccTHmjPS.ltrans2.ltrans.o
 .comment       0x0000000000000011       0x12 /tmp/ccTHmjPS.ltrans3.ltrans.o
 .comment       0x0000000000000011       0x12 /tmp/ccTHmjPS.ltrans4.ltrans.o
 .comment       0x0000000000000011       0x12 /tmp/ccTHmjPS.ltrans5.ltrans.o
 .comment       0x0000000000000011       0x12 /tmp/ccTHmjPS.ltrans6.ltrans.o
 .comment       0x0000000000000011       0x12 /home/user/software/develop/eclipse/arduinoPlugin/packages/arduino/tools/avr-gcc/4.9.2-atmel3.5.4-arduino2/bin/../lib/gcc/avr/4.9.2/../../../../avr/lib/avr5/libc.a(malloc.o)
 .comment       0x0000000000000011       0x12 /home/user/software/develop/eclipse/arduinoPlugin/packages/arduino/tools/avr-gcc/4.9.2-atmel3.5.4-arduino2/bin/../lib/gcc/avr/4.9.2/../../../../avr/lib/avr5/libc.a(sprintf.o)
 .comment       0x0000000000000011       0x12 /home/user/software/develop/eclipse/arduinoPlugin/packages/arduino/tools/avr-gcc/4.9.2-atmel3.5.4-arduino2/bin/../lib/gcc/avr/4.9.2/../../../../avr/lib/avr5/libc.a(vfprintf_std.o)
 .comment       0x0000000000000011       0x12 /home/user/software/develop/eclipse/arduinoPlugin/packages/arduino/tools/avr-gcc/4.9.2-atmel3.5.4-arduino2/bin/../lib/gcc/avr/4.9.2/../../../../avr/lib/avr5/libc.a(fputc.o)

.note.gnu.avr.deviceinfo
                0x0000000000000000       0x40
 .note.gnu.avr.deviceinfo
                0x0000000000000000       0x40 /home/user/software/develop/eclipse/arduinoPlugin/packages/arduino/tools/avr-gcc/4.9.2-atmel3.5.4-arduino2/bin/../lib/gcc/avr/4.9.2/../../../../avr/lib/avr5/crtatmega328p.o

.note.gnu.build-id
 *(.note.gnu.build-id)

.debug
 *(.debug)

.line
 *(.line)

.debug_srcinfo
 *(.debug_srcinfo)

.debug_sfnames
 *(.debug_sfnames)

.debug_aranges  0x0000000000000000      0x118
 *(.debug_aranges)
 .debug_aranges
                0x0000000000000000       0x20 /tmp/ccTHmjPS.ltrans0.ltrans.o
 .debug_aranges
                0x0000000000000020       0x20 /tmp/ccTHmjPS.ltrans1.ltrans.o
 .debug_aranges
                0x0000000000000040       0x30 /tmp/ccTHmjPS.ltrans2.ltrans.o
 .debug_aranges
                0x0000000000000070       0x20 /tmp/ccTHmjPS.ltrans3.ltrans.o
 .debug_aranges
                0x0000000000000090       0x20 /tmp/ccTHmjPS.ltrans4.ltrans.o
 .debug_aranges
                0x00000000000000b0       0x20 /tmp/ccTHmjPS.ltrans5.ltrans.o
 .debug_aranges
                0x00000000000000d0       0x28 /tmp/ccTHmjPS.ltrans6.ltrans.o
 .debug_aranges
                0x00000000000000f8       0x20 /home/user/workspace/eclipse1/TestFuncionWithIOTLibs/Release/arduino.ar(wiring_pulse.S.o)

.debug_pubnames
 *(.debug_pubnames)

.debug_info     0x0000000000000000     0xf0db
 *(.debug_info .gnu.linkonce.wi.*)
 .debug_info    0x0000000000000000      0x5f4 /home/user/software/develop/eclipse/arduinoPlugin/packages/arduino/tools/avr-gcc/4.9.2-atmel3.5.4-arduino2/bin/../lib/gcc/avr/4.9.2/../../../../avr/lib/avr5/crtatmega328p.o
 .debug_info    0x00000000000005f4     0x2f6c /tmp/ccTHmjPS.ltrans0.ltrans.o
 .debug_info    0x0000000000003560     0x1ae0 /tmp/ccTHmjPS.ltrans1.ltrans.o
 .debug_info    0x0000000000005040     0x207d /tmp/ccTHmjPS.ltrans2.ltrans.o
 .debug_info    0x00000000000070bd     0x22c5 /tmp/ccTHmjPS.ltrans3.ltrans.o
 .debug_info    0x0000000000009382     0x279e /tmp/ccTHmjPS.ltrans4.ltrans.o
 .debug_info    0x000000000000bb20     0x1de3 /tmp/ccTHmjPS.ltrans5.ltrans.o
 .debug_info    0x000000000000d903     0x1701 /tmp/ccTHmjPS.ltrans6.ltrans.o
 .debug_info    0x000000000000f004       0xd7 /home/user/workspace/eclipse1/TestFuncionWithIOTLibs/Release/arduino.ar(wiring_pulse.S.o)

.debug_abbrev   0x0000000000000000     0x33c7
 *(.debug_abbrev)
 .debug_abbrev  0x0000000000000000      0x5a2 /home/user/software/develop/eclipse/arduinoPlugin/packages/arduino/tools/avr-gcc/4.9.2-atmel3.5.4-arduino2/bin/../lib/gcc/avr/4.9.2/../../../../avr/lib/avr5/crtatmega328p.o
 .debug_abbrev  0x00000000000005a2      0x8ce /tmp/ccTHmjPS.ltrans0.ltrans.o
 .debug_abbrev  0x0000000000000e70      0x632 /tmp/ccTHmjPS.ltrans1.ltrans.o
 .debug_abbrev  0x00000000000014a2      0x58a /tmp/ccTHmjPS.ltrans2.ltrans.o
 .debug_abbrev  0x0000000000001a2c      0x6d1 /tmp/ccTHmjPS.ltrans3.ltrans.o
 .debug_abbrev  0x00000000000020fd      0x658 /tmp/ccTHmjPS.ltrans4.ltrans.o
 .debug_abbrev  0x0000000000002755      0x6a5 /tmp/ccTHmjPS.ltrans5.ltrans.o
 .debug_abbrev  0x0000000000002dfa      0x5b9 /tmp/ccTHmjPS.ltrans6.ltrans.o
 .debug_abbrev  0x00000000000033b3       0x14 /home/user/workspace/eclipse1/TestFuncionWithIOTLibs/Release/arduino.ar(wiring_pulse.S.o)

.debug_line     0x0000000000000000     0x678c
 *(.debug_line .debug_line.* .debug_line_end)
 .debug_line    0x0000000000000000       0x1a /home/user/software/develop/eclipse/arduinoPlugin/packages/arduino/tools/avr-gcc/4.9.2-atmel3.5.4-arduino2/bin/../lib/gcc/avr/4.9.2/../../../../avr/lib/avr5/crtatmega328p.o
 .debug_line    0x000000000000001a     0x11f0 /tmp/ccTHmjPS.ltrans0.ltrans.o
 .debug_line    0x000000000000120a      0xd05 /tmp/ccTHmjPS.ltrans1.ltrans.o
 .debug_line    0x0000000000001f0f      0xc75 /tmp/ccTHmjPS.ltrans2.ltrans.o
 .debug_line    0x0000000000002b84      0xfb9 /tmp/ccTHmjPS.ltrans3.ltrans.o
 .debug_line    0x0000000000003b3d      0xfed /tmp/ccTHmjPS.ltrans4.ltrans.o
 .debug_line    0x0000000000004b2a      0xdd4 /tmp/ccTHmjPS.ltrans5.ltrans.o
 .debug_line    0x00000000000058fe      0xc55 /tmp/ccTHmjPS.ltrans6.ltrans.o
 .debug_line    0x0000000000006553      0x239 /home/user/workspace/eclipse1/TestFuncionWithIOTLibs/Release/arduino.ar(wiring_pulse.S.o)

.debug_frame    0x0000000000000000     0x17b4
 *(.debug_frame)
 .debug_frame   0x0000000000000000      0x390 /tmp/ccTHmjPS.ltrans0.ltrans.o
 .debug_frame   0x0000000000000390      0x314 /tmp/ccTHmjPS.ltrans1.ltrans.o
 .debug_frame   0x00000000000006a4      0x228 /tmp/ccTHmjPS.ltrans2.ltrans.o
 .debug_frame   0x00000000000008cc      0x29c /tmp/ccTHmjPS.ltrans3.ltrans.o
 .debug_frame   0x0000000000000b68      0x618 /tmp/ccTHmjPS.ltrans4.ltrans.o
 .debug_frame   0x0000000000001180      0x468 /tmp/ccTHmjPS.ltrans5.ltrans.o
 .debug_frame   0x00000000000015e8      0x1cc /tmp/ccTHmjPS.ltrans6.ltrans.o

.debug_str      0x0000000000000000     0x2c1c
 *(.debug_str)
 .debug_str     0x0000000000000000      0x208 /home/user/software/develop/eclipse/arduinoPlugin/packages/arduino/tools/avr-gcc/4.9.2-atmel3.5.4-arduino2/bin/../lib/gcc/avr/4.9.2/../../../../avr/lib/avr5/crtatmega328p.o
 .debug_str     0x0000000000000208      0xe94 /tmp/ccTHmjPS.ltrans0.ltrans.o
                                        0xf1b (size before relaxing)
 .debug_str     0x000000000000109c      0x625 /tmp/ccTHmjPS.ltrans1.ltrans.o
                                        0x7dc (size before relaxing)
 .debug_str     0x00000000000016c1      0x418 /tmp/ccTHmjPS.ltrans2.ltrans.o
                                        0xc09 (size before relaxing)
 .debug_str     0x0000000000001ad9      0x5ad /tmp/ccTHmjPS.ltrans3.ltrans.o
                                        0xb55 (size before relaxing)
 .debug_str     0x0000000000002086      0x53c /tmp/ccTHmjPS.ltrans4.ltrans.o
                                        0xbb0 (size before relaxing)
 .debug_str     0x00000000000025c2      0x3b4 /tmp/ccTHmjPS.ltrans5.ltrans.o
                                        0x976 (size before relaxing)
 .debug_str     0x0000000000002976      0x2a6 /tmp/ccTHmjPS.ltrans6.ltrans.o
                                        0xa97 (size before relaxing)

.debug_loc      0x0000000000000000     0x8b25
 *(.debug_loc)
 .debug_loc     0x0000000000000000     0x1845 /tmp/ccTHmjPS.ltrans0.ltrans.o
 .debug_loc     0x0000000000001845      0xecb /tmp/ccTHmjPS.ltrans1.ltrans.o
 .debug_loc     0x0000000000002710      0xcfc /tmp/ccTHmjPS.ltrans2.ltrans.o
 .debug_loc     0x000000000000340c     0x1578 /tmp/ccTHmjPS.ltrans3.ltrans.o
 .debug_loc     0x0000000000004984     0x19d5 /tmp/ccTHmjPS.ltrans4.ltrans.o
 .debug_loc     0x0000000000006359     0x20c7 /tmp/ccTHmjPS.ltrans5.ltrans.o
 .debug_loc     0x0000000000008420      0x705 /tmp/ccTHmjPS.ltrans6.ltrans.o

.debug_macinfo
 *(.debug_macinfo)

.debug_weaknames
 *(.debug_weaknames)

.debug_funcnames
 *(.debug_funcnames)

.debug_typenames
 *(.debug_typenames)

.debug_varnames
 *(.debug_varnames)

.debug_pubtypes
 *(.debug_pubtypes)

.debug_ranges   0x0000000000000000      0xa38
 *(.debug_ranges)
 .debug_ranges  0x0000000000000000      0x2a8 /tmp/ccTHmjPS.ltrans0.ltrans.o
 .debug_ranges  0x00000000000002a8      0x108 /tmp/ccTHmjPS.ltrans1.ltrans.o
 .debug_ranges  0x00000000000003b0      0x120 /tmp/ccTHmjPS.ltrans2.ltrans.o
 .debug_ranges  0x00000000000004d0      0x218 /tmp/ccTHmjPS.ltrans3.ltrans.o
 .debug_ranges  0x00000000000006e8       0xe0 /tmp/ccTHmjPS.ltrans4.ltrans.o
 .debug_ranges  0x00000000000007c8      0x198 /tmp/ccTHmjPS.ltrans5.ltrans.o
 .debug_ranges  0x0000000000000960       0xd8 /tmp/ccTHmjPS.ltrans6.ltrans.o

.debug_macro
 *(.debug_macro)
OUTPUT(/home/user/workspace/eclipse1/TestFuncionWithIOTLibs/Release/TestFuncionWithIOTLibs.elf elf32-avr)
LOAD linker stubs
